Archive member included to satisfy reference by file (symbol)

c:/st/stm32cubeide_1.11.2/stm32cubeide/plugins/com.st.stm32cube.ide.mcu.externaltools.gnu-tools-for-stm32.10.3-2021.10.win32_1.0.100.202210260954/tools/bin/../lib/gcc/arm-none-eabi/10.3.1/../../../../arm-none-eabi/lib/thumb/v7e-m+fp/hard\libc_nano.a(lib_a-errno.o)
                              ./Core/Src/syscalls.o (__errno)
c:/st/stm32cubeide_1.11.2/stm32cubeide/plugins/com.st.stm32cube.ide.mcu.externaltools.gnu-tools-for-stm32.10.3-2021.10.win32_1.0.100.202210260954/tools/bin/../lib/gcc/arm-none-eabi/10.3.1/../../../../arm-none-eabi/lib/thumb/v7e-m+fp/hard\libc_nano.a(lib_a-exit.o)
                              c:/st/stm32cubeide_1.11.2/stm32cubeide/plugins/com.st.stm32cube.ide.mcu.externaltools.gnu-tools-for-stm32.10.3-2021.10.win32_1.0.100.202210260954/tools/bin/../lib/gcc/arm-none-eabi/10.3.1/../../../../arm-none-eabi/lib/thumb/v7e-m+fp/hard/crt0.o (exit)
c:/st/stm32cubeide_1.11.2/stm32cubeide/plugins/com.st.stm32cube.ide.mcu.externaltools.gnu-tools-for-stm32.10.3-2021.10.win32_1.0.100.202210260954/tools/bin/../lib/gcc/arm-none-eabi/10.3.1/../../../../arm-none-eabi/lib/thumb/v7e-m+fp/hard\libc_nano.a(lib_a-impure.o)
                              c:/st/stm32cubeide_1.11.2/stm32cubeide/plugins/com.st.stm32cube.ide.mcu.externaltools.gnu-tools-for-stm32.10.3-2021.10.win32_1.0.100.202210260954/tools/bin/../lib/gcc/arm-none-eabi/10.3.1/../../../../arm-none-eabi/lib/thumb/v7e-m+fp/hard\libc_nano.a(lib_a-exit.o) (_global_impure_ptr)
c:/st/stm32cubeide_1.11.2/stm32cubeide/plugins/com.st.stm32cube.ide.mcu.externaltools.gnu-tools-for-stm32.10.3-2021.10.win32_1.0.100.202210260954/tools/bin/../lib/gcc/arm-none-eabi/10.3.1/../../../../arm-none-eabi/lib/thumb/v7e-m+fp/hard\libc_nano.a(lib_a-init.o)
                              c:/st/stm32cubeide_1.11.2/stm32cubeide/plugins/com.st.stm32cube.ide.mcu.externaltools.gnu-tools-for-stm32.10.3-2021.10.win32_1.0.100.202210260954/tools/bin/../lib/gcc/arm-none-eabi/10.3.1/../../../../arm-none-eabi/lib/thumb/v7e-m+fp/hard/crt0.o (__libc_init_array)
c:/st/stm32cubeide_1.11.2/stm32cubeide/plugins/com.st.stm32cube.ide.mcu.externaltools.gnu-tools-for-stm32.10.3-2021.10.win32_1.0.100.202210260954/tools/bin/../lib/gcc/arm-none-eabi/10.3.1/../../../../arm-none-eabi/lib/thumb/v7e-m+fp/hard\libc_nano.a(lib_a-memcpy-stub.o)
                              ./Drivers/Wifi/es_wifi.o (memcpy)
c:/st/stm32cubeide_1.11.2/stm32cubeide/plugins/com.st.stm32cube.ide.mcu.externaltools.gnu-tools-for-stm32.10.3-2021.10.win32_1.0.100.202210260954/tools/bin/../lib/gcc/arm-none-eabi/10.3.1/../../../../arm-none-eabi/lib/thumb/v7e-m+fp/hard\libc_nano.a(lib_a-memset.o)
                              c:/st/stm32cubeide_1.11.2/stm32cubeide/plugins/com.st.stm32cube.ide.mcu.externaltools.gnu-tools-for-stm32.10.3-2021.10.win32_1.0.100.202210260954/tools/bin/../lib/gcc/arm-none-eabi/10.3.1/../../../../arm-none-eabi/lib/thumb/v7e-m+fp/hard/crt0.o (memset)
c:/st/stm32cubeide_1.11.2/stm32cubeide/plugins/com.st.stm32cube.ide.mcu.externaltools.gnu-tools-for-stm32.10.3-2021.10.win32_1.0.100.202210260954/tools/bin/../lib/gcc/arm-none-eabi/10.3.1/../../../../arm-none-eabi/lib/thumb/v7e-m+fp/hard\libc_nano.a(lib_a-snprintf.o)
                              ./Core/Src/main.o (snprintf)
c:/st/stm32cubeide_1.11.2/stm32cubeide/plugins/com.st.stm32cube.ide.mcu.externaltools.gnu-tools-for-stm32.10.3-2021.10.win32_1.0.100.202210260954/tools/bin/../lib/gcc/arm-none-eabi/10.3.1/../../../../arm-none-eabi/lib/thumb/v7e-m+fp/hard\libc_nano.a(lib_a-sprintf.o)
                              ./Drivers/Wifi/es_wifi.o (sprintf)
c:/st/stm32cubeide_1.11.2/stm32cubeide/plugins/com.st.stm32cube.ide.mcu.externaltools.gnu-tools-for-stm32.10.3-2021.10.win32_1.0.100.202210260954/tools/bin/../lib/gcc/arm-none-eabi/10.3.1/../../../../arm-none-eabi/lib/thumb/v7e-m+fp/hard\libc_nano.a(lib_a-strlen.o)
                              ./Core/Src/main.o (strlen)
c:/st/stm32cubeide_1.11.2/stm32cubeide/plugins/com.st.stm32cube.ide.mcu.externaltools.gnu-tools-for-stm32.10.3-2021.10.win32_1.0.100.202210260954/tools/bin/../lib/gcc/arm-none-eabi/10.3.1/../../../../arm-none-eabi/lib/thumb/v7e-m+fp/hard\libc_nano.a(lib_a-strncpy.o)
                              ./Drivers/Wifi/es_wifi.o (strncpy)
c:/st/stm32cubeide_1.11.2/stm32cubeide/plugins/com.st.stm32cube.ide.mcu.externaltools.gnu-tools-for-stm32.10.3-2021.10.win32_1.0.100.202210260954/tools/bin/../lib/gcc/arm-none-eabi/10.3.1/../../../../arm-none-eabi/lib/thumb/v7e-m+fp/hard\libc_nano.a(lib_a-strstr.o)
                              ./Drivers/Wifi/es_wifi.o (strstr)
c:/st/stm32cubeide_1.11.2/stm32cubeide/plugins/com.st.stm32cube.ide.mcu.externaltools.gnu-tools-for-stm32.10.3-2021.10.win32_1.0.100.202210260954/tools/bin/../lib/gcc/arm-none-eabi/10.3.1/../../../../arm-none-eabi/lib/thumb/v7e-m+fp/hard\libc_nano.a(lib_a-strtok.o)
                              ./Drivers/Wifi/es_wifi.o (strtok)
[...]
Memory Configuration

Name             Origin             Length             Attributes
RAM              0x0000000020000000 0x0000000000018000 xrw
RAM2             0x0000000010000000 0x0000000000008000 xrw
FLASH            0x0000000008000000 0x0000000000100000 xr
*default*        0x0000000000000000 0xffffffffffffffff

Linker script and memory map

LOAD c:/st/stm32cubeide_1.11.2/stm32cubeide/plugins/com.st.stm32cube.ide.mcu.externaltools.gnu-tools-for-stm32.10.3-2021.10.win32_1.0.100.202210260954/tools/bin/../lib/gcc/arm-none-eabi/10.3.1/thumb/v7e-m+fp/hard/crti.o
LOAD c:/st/stm32cubeide_1.11.2/stm32cubeide/plugins/com.st.stm32cube.ide.mcu.externaltools.gnu-tools-for-stm32.10.3-2021.10.win32_1.0.100.202210260954/tools/bin/../lib/gcc/arm-none-eabi/10.3.1/thumb/v7e-m+fp/hard/crtbegin.o
LOAD c:/st/stm32cubeide_1.11.2/stm32cubeide/plugins/com.st.stm32cube.ide.mcu.externaltools.gnu-tools-for-stm32.10.3-2021.10.win32_1.0.100.202210260954/tools/bin/../lib/gcc/arm-none-eabi/10.3.1/../../../../arm-none-eabi/lib/thumb/v7e-m+fp/hard/crt0.o
LOAD ./Core/Src/main.o
LOAD ./Core/Src/stm32l4xx_hal_msp.o
LOAD ./Core/Src/stm32l4xx_it.o
LOAD ./Core/Src/syscalls.o
LOAD ./Core/Src/sysmem.o
LOAD ./Core/Src/system_stm32l4xx.o
LOAD ./Core/Startup/startup_stm32l475vgtx.o
LOAD ./Drivers/BSP/B-L475E-IOT01/stm32l475e_iot01.o
LOAD ./Drivers/BSP/B-L475E-IOT01/stm32l475e_iot01_hsensor.o
LOAD ./Drivers/BSP/B-L475E-IOT01/stm32l475e_iot01_psensor.o
LOAD ./Drivers/BSP/B-L475E-IOT01/stm32l475e_iot01_tsensor.o
LOAD ./Drivers/BSP/Components/hts221/hts221.o
LOAD ./Drivers/BSP/Components/lps22hb/lps22hb.o
LOAD ./Drivers/STM32L4xx_HAL_Driver/Src/stm32l4xx_hal.o
LOAD ./Drivers/STM32L4xx_HAL_Driver/Src/stm32l4xx_hal_cortex.o
LOAD ./Drivers/STM32L4xx_HAL_Driver/Src/stm32l4xx_hal_dfsdm.o
LOAD ./Drivers/STM32L4xx_HAL_Driver/Src/stm32l4xx_hal_dma.o
LOAD ./Drivers/STM32L4xx_HAL_Driver/Src/stm32l4xx_hal_dma_ex.o
LOAD ./Drivers/STM32L4xx_HAL_Driver/Src/stm32l4xx_hal_exti.o
LOAD ./Drivers/STM32L4xx_HAL_Driver/Src/stm32l4xx_hal_flash.o
LOAD ./Drivers/STM32L4xx_HAL_Driver/Src/stm32l4xx_hal_flash_ex.o
LOAD ./Drivers/STM32L4xx_HAL_Driver/Src/stm32l4xx_hal_flash_ramfunc.o
LOAD ./Drivers/STM32L4xx_HAL_Driver/Src/stm32l4xx_hal_gpio.o
LOAD ./Drivers/STM32L4xx_HAL_Driver/Src/stm32l4xx_hal_i2c.o
LOAD ./Drivers/STM32L4xx_HAL_Driver/Src/stm32l4xx_hal_i2c_ex.o
LOAD ./Drivers/STM32L4xx_HAL_Driver/Src/stm32l4xx_hal_pcd.o
LOAD ./Drivers/STM32L4xx_HAL_Driver/Src/stm32l4xx_hal_pcd_ex.o
LOAD ./Drivers/STM32L4xx_HAL_Driver/Src/stm32l4xx_hal_pwr.o
LOAD ./Drivers/STM32L4xx_HAL_Driver/Src/stm32l4xx_hal_pwr_ex.o
LOAD ./Drivers/STM32L4xx_HAL_Driver/Src/stm32l4xx_hal_qspi.o
LOAD ./Drivers/STM32L4xx_HAL_Driver/Src/stm32l4xx_hal_rcc.o
LOAD ./Drivers/STM32L4xx_HAL_Driver/Src/stm32l4xx_hal_rcc_ex.o
LOAD ./Drivers/STM32L4xx_HAL_Driver/Src/stm32l4xx_hal_spi.o
LOAD ./Drivers/STM32L4xx_HAL_Driver/Src/stm32l4xx_hal_spi_ex.o
LOAD ./Drivers/STM32L4xx_HAL_Driver/Src/stm32l4xx_hal_tim.o
LOAD ./Drivers/STM32L4xx_HAL_Driver/Src/stm32l4xx_hal_tim_ex.o
LOAD ./Drivers/STM32L4xx_HAL_Driver/Src/stm32l4xx_hal_uart.o
LOAD ./Drivers/STM32L4xx_HAL_Driver/Src/stm32l4xx_hal_uart_ex.o
LOAD ./Drivers/STM32L4xx_HAL_Driver/Src/stm32l4xx_ll_usb.o
LOAD ./Drivers/Wifi/es_wifi.o
LOAD ./Drivers/Wifi/es_wifi_io.o
LOAD ./Drivers/Wifi/wifi.o
START GROUP
LOAD c:/st/stm32cubeide_1.11.2/stm32cubeide/plugins/com.st.stm32cube.ide.mcu.externaltools.gnu-tools-for-stm32.10.3-2021.10.win32_1.0.100.202210260954/tools/bin/../lib/gcc/arm-none-eabi/10.3.1/../../../../arm-none-eabi/lib/thumb/v7e-m+fp/hard\libc_nano.a
LOAD c:/st/stm32cubeide_1.11.2/stm32cubeide/plugins/com.st.stm32cube.ide.mcu.externaltools.gnu-tools-for-stm32.10.3-2021.10.win32_1.0.100.202210260954/tools/bin/../lib/gcc/arm-none-eabi/10.3.1/../../../../arm-none-eabi/lib/thumb/v7e-m+fp/hard\libm.a
END GROUP
START GROUP
LOAD c:/st/stm32cubeide_1.11.2/stm32cubeide/plugins/com.st.stm32cube.ide.mcu.externaltools.gnu-tools-for-stm32.10.3-2021.10.win32_1.0.100.202210260954/tools/bin/../lib/gcc/arm-none-eabi/10.3.1/thumb/v7e-m+fp/hard\libgcc.a
LOAD c:/st/stm32cubeide_1.11.2/stm32cubeide/plugins/com.st.stm32cube.ide.mcu.externaltools.gnu-tools-for-stm32.10.3-2021.10.win32_1.0.100.202210260954/tools/bin/../lib/gcc/arm-none-eabi/10.3.1/../../../../arm-none-eabi/lib/thumb/v7e-m+fp/hard\libc_nano.a
END GROUP
START GROUP
LOAD c:/st/stm32cubeide_1.11.2/stm32cubeide/plugins/com.st.stm32cube.ide.mcu.externaltools.gnu-tools-for-stm32.10.3-2021.10.win32_1.0.100.202210260954/tools/bin/../lib/gcc/arm-none-eabi/10.3.1/thumb/v7e-m+fp/hard\libgcc.a
LOAD c:/st/stm32cubeide_1.11.2/stm32cubeide/plugins/com.st.stm32cube.ide.mcu.externaltools.gnu-tools-for-stm32.10.3-2021.10.win32_1.0.100.202210260954/tools/bin/../lib/gcc/arm-none-eabi/10.3.1/../../../../arm-none-eabi/lib/thumb/v7e-m+fp/hard\libc_nano.a
LOAD c:/st/stm32cubeide_1.11.2/stm32cubeide/plugins/com.st.stm32cube.ide.mcu.externaltools.gnu-tools-for-stm32.10.3-2021.10.win32_1.0.100.202210260954/tools/bin/../lib/gcc/arm-none-eabi/10.3.1/../../../../arm-none-eabi/lib/thumb/v7e-m+fp/hard\libnosys.a
END GROUP
START GROUP
LOAD c:/st/stm32cubeide_1.11.2/stm32cubeide/plugins/com.st.stm32cube.ide.mcu.externaltools.gnu-tools-for-stm32.10.3-2021.10.win32_1.0.100.202210260954/tools/bin/../lib/gcc/arm-none-eabi/10.3.1/thumb/v7e-m+fp/hard\libgcc.a
LOAD c:/st/stm32cubeide_1.11.2/stm32cubeide/plugins/com.st.stm32cube.ide.mcu.externaltools.gnu-tools-for-stm32.10.3-2021.10.win32_1.0.100.202210260954/tools/bin/../lib/gcc/arm-none-eabi/10.3.1/../../../../arm-none-eabi/lib/thumb/v7e-m+fp/hard\libc_nano.a
LOAD c:/st/stm32cubeide_1.11.2/stm32cubeide/plugins/com.st.stm32cube.ide.mcu.externaltools.gnu-tools-for-stm32.10.3-2021.10.win32_1.0.100.202210260954/tools/bin/../lib/gcc/arm-none-eabi/10.3.1/../../../../arm-none-eabi/lib/thumb/v7e-m+fp/hard\libnosys.a
END GROUP
LOAD c:/st/stm32cubeide_1.11.2/stm32cubeide/plugins/com.st.stm32cube.ide.mcu.externaltools.gnu-tools-for-stm32.10.3-2021.10.win32_1.0.100.202210260954/tools/bin/../lib/gcc/arm-none-eabi/10.3.1/thumb/v7e-m+fp/hard/crtend.o
LOAD c:/st/stm32cubeide_1.11.2/stm32cubeide/plugins/com.st.stm32cube.ide.mcu.externaltools.gnu-tools-for-stm32.10.3-2021.10.win32_1.0.100.202210260954/tools/bin/../lib/gcc/arm-none-eabi/10.3.1/thumb/v7e-m+fp/hard/crtn.o
                0x0000000020018000                _estack = (ORIGIN (RAM) + LENGTH (RAM))
                0x0000000000000200                _Min_Heap_Size = 0x200
                0x0000000000000400                _Min_Stack_Size = 0x400

.isr_vector     0x0000000008000000      0x188
                0x0000000008000000                . = ALIGN (0x4)
 *(.isr_vector)
 .isr_vector    0x0000000008000000      0x188 ./Core/Startup/startup_stm32l475vgtx.o
                0x0000000008000000                g_pfnVectors
                0x0000000008000188                . = ALIGN (0x4)

.text           0x0000000008000190     0x9c58
                0x0000000008000190                . = ALIGN (0x4)
 *(.text)
 .text          0x0000000008000190       0x40 c:/st/stm32cubeide_1.11.2/stm32cubeide/plugins/com.st.stm32cube.ide.mcu.externaltools.gnu-tools-for-stm32.10.3-2021.10.win32_1.0.100.202210260954/tools/bin/../lib/gcc/arm-none-eabi/10.3.1/thumb/v7e-m+fp/hard/crtbegin.o
 .text          0x00000000080001d0       0x10 c:/st/stm32cubeide_1.11.2/stm32cubeide/plugins/com.st.stm32cube.ide.mcu.externaltools.gnu-tools-for-stm32.10.3-2021.10.win32_1.0.100.202210260954/tools/bin/../lib/gcc/arm-none-eabi/10.3.1/../../../../arm-none-eabi/lib/thumb/v7e-m+fp/hard\libc_nano.a(lib_a-strlen.o)
                0x00000000080001d0                strlen
 .text          0x00000000080001e0       0xa0 c:/st/stm32cubeide_1.11.2/stm32cubeide/plugins/com.st.stm32cube.ide.mcu.externaltools.gnu-tools-for-stm32.10.3-2021.10.win32_1.0.100.202210260954/tools/bin/../lib/gcc/arm-none-eabi/10.3.1/../../../../arm-none-eabi/lib/thumb/v7e-m+fp/hard\libc_nano.a(lib_a-memchr.o)
                0x00000000080001e0                memchr
 .text          0x0000000008000280      0x378 c:/st/stm32cubeide_1.11.2/stm32cubeide/plugins/com.st.stm32cube.ide.mcu.externaltools.gnu-tools-for-stm32.10.3-2021.10.win32_1.0.100.202210260954/tools/bin/../lib/gcc/arm-none-eabi/10.3.1/thumb/v7e-m+fp/hard\libgcc.a(_arm_addsubdf3.o)
                0x0000000008000280                __aeabi_drsub
                0x0000000008000288                __aeabi_dsub
                0x0000000008000288                __subdf3
                0x000000000800028c                __aeabi_dadd
                0x000000000800028c                __adddf3
                0x0000000008000504                __floatunsidf
                0x0000000008000504                __aeabi_ui2d
                0x0000000008000524                __floatsidf
                0x0000000008000524                __aeabi_i2d
                0x0000000008000548                __aeabi_f2d
                0x0000000008000548                __extendsfdf2
                0x000000000800058c                __floatundidf
                0x000000000800058c                __aeabi_ul2d
                0x000000000800059c                __floatdidf
                0x000000000800059c                __aeabi_l2d
 .text          0x00000000080005f8       0x50 c:/st/stm32cubeide_1.11.2/stm32cubeide/plugins/com.st.stm32cube.ide.mcu.externaltools.gnu-tools-for-stm32.10.3-2021.10.win32_1.0.100.202210260954/tools/bin/../lib/gcc/arm-none-eabi/10.3.1/thumb/v7e-m+fp/hard\libgcc.a(_arm_fixdfsi.o)
                0x00000000080005f8                __aeabi_d2iz
                0x00000000080005f8                __fixdfsi
 .text          0x0000000008000648       0x30 c:/st/stm32cubeide_1.11.2/stm32cubeide/plugins/com.st.stm32cube.ide.mcu.externaltools.gnu-tools-for-stm32.10.3-2021.10.win32_1.0.100.202210260954/tools/bin/../lib/gcc/arm-none-eabi/10.3.1/thumb/v7e-m+fp/hard\libgcc.a(_aeabi_uldivmod.o)
                0x0000000008000648                __aeabi_uldivmod
 .text          0x0000000008000678      0x2d0 c:/st/stm32cubeide_1.11.2/stm32cubeide/plugins/com.st.stm32cube.ide.mcu.externaltools.gnu-tools-for-stm32.10.3-2021.10.win32_1.0.100.202210260954/tools/bin/../lib/gcc/arm-none-eabi/10.3.1/thumb/v7e-m+fp/hard\libgcc.a(_udivmoddi4.o)
                0x0000000008000678                __udivmoddi4
 .text          0x0000000008000948        0x4 c:/st/stm32cubeide_1.11.2/stm32cubeide/plugins/com.st.stm32cube.ide.mcu.externaltools.gnu-tools-for-stm32.10.3-2021.10.win32_1.0.100.202210260954/tools/bin/../lib/gcc/arm-none-eabi/10.3.1/thumb/v7e-m+fp/hard\libgcc.a(_dvmd_tls.o)
                0x0000000008000948                __aeabi_idiv0
                0x0000000008000948                __aeabi_ldiv0
 *(.text*)
 .text.transmit_string
                0x000000000800094c       0x28 ./Core/Src/main.o
                0x000000000800094c                transmit_string
 .text.main     0x0000000008000974      0x398 ./Core/Src/main.o
                0x0000000008000974                main
 .text.SystemClock_Config
                0x0000000008000d0c       0xc4 ./Core/Src/main.o
                0x0000000008000d0c                SystemClock_Config
 .text.MX_DFSDM1_Init
                0x0000000008000dd0       0x70 ./Core/Src/main.o
 .text.MX_QUADSPI_Init
                0x0000000008000e40       0x4c ./Core/Src/main.o
 .text.MX_SPI1_Init
                0x0000000008000e8c       0x7c ./Core/Src/main.o
 .text.MX_UART4_Init
                0x0000000008000f08       0x60 ./Core/Src/main.o
 .text.MX_USART1_UART_Init
                0x0000000008000f68       0x60 ./Core/Src/main.o
 .text.MX_USART3_UART_Init
                0x0000000008000fc8       0x60 ./Core/Src/main.o
 .text.MX_USB_OTG_FS_PCD_Init
                0x0000000008001028       0x5c ./Core/Src/main.o
 .text.MX_GPIO_Init
                0x0000000008001084      0x364 ./Core/Src/main.o
 .text.Error_Handler
                0x00000000080013e8        0xa ./Core/Src/main.o
                0x00000000080013e8                Error_Handler
 *fill*         0x00000000080013f2        0x2 
 .text.HAL_MspInit
                0x00000000080013f4       0x48 ./Core/Src/stm32l4xx_hal_msp.o
                0x00000000080013f4                HAL_MspInit
 .text.HAL_DFSDM_ChannelMspInit
                0x000000000800143c       0xc8 ./Core/Src/stm32l4xx_hal_msp.o
                0x000000000800143c                HAL_DFSDM_ChannelMspInit
 .text.HAL_QSPI_MspInit
                0x0000000008001504       0x88 ./Core/Src/stm32l4xx_hal_msp.o
                0x0000000008001504                HAL_QSPI_MspInit
 .text.HAL_SPI_MspInit
                0x000000000800158c       0x84 ./Core/Src/stm32l4xx_hal_msp.o
                0x000000000800158c                HAL_SPI_MspInit
 .text.HAL_SPI_MspDeInit
                0x0000000008001610       0x38 ./Core/Src/stm32l4xx_hal_msp.o
                0x0000000008001610                HAL_SPI_MspDeInit
 .text.HAL_UART_MspInit
                0x0000000008001648      0x1d0 ./Core/Src/stm32l4xx_hal_msp.o
                0x0000000008001648                HAL_UART_MspInit
 .text.HAL_PCD_MspInit
                0x0000000008001818      0x114 ./Core/Src/stm32l4xx_hal_msp.o
                0x0000000008001818                HAL_PCD_MspInit
 .text.NMI_Handler
                0x000000000800192c        0x6 ./Core/Src/stm32l4xx_it.o
                0x000000000800192c                NMI_Handler
 .text.HardFault_Handler
                0x0000000008001932        0x6 ./Core/Src/stm32l4xx_it.o
                0x0000000008001932                HardFault_Handler
 .text.MemManage_Handler
                0x0000000008001938        0x6 ./Core/Src/stm32l4xx_it.o
                0x0000000008001938                MemManage_Handler
 .text.BusFault_Handler
                0x000000000800193e        0x6 ./Core/Src/stm32l4xx_it.o
                0x000000000800193e                BusFault_Handler
 .text.UsageFault_Handler
                0x0000000008001944        0x6 ./Core/Src/stm32l4xx_it.o
                0x0000000008001944                UsageFault_Handler
 .text.SVC_Handler
                0x000000000800194a        0xe ./Core/Src/stm32l4xx_it.o
                0x000000000800194a                SVC_Handler
 .text.DebugMon_Handler
                0x0000000008001958        0xe ./Core/Src/stm32l4xx_it.o
                0x0000000008001958                DebugMon_Handler
 .text.PendSV_Handler
                0x0000000008001966        0xe ./Core/Src/stm32l4xx_it.o
                0x0000000008001966                PendSV_Handler
 .text.SysTick_Handler
                0x0000000008001974        0xc ./Core/Src/stm32l4xx_it.o
                0x0000000008001974                SysTick_Handler
 .text.EXTI9_5_IRQHandler
                0x0000000008001980       0x22 ./Core/Src/stm32l4xx_it.o
                0x0000000008001980                EXTI9_5_IRQHandler
 .text.EXTI15_10_IRQHandler
                0x00000000080019a2       0x30 ./Core/Src/stm32l4xx_it.o
                0x00000000080019a2                EXTI15_10_IRQHandler
 .text._getpid  0x00000000080019d2       0x10 ./Core/Src/syscalls.o
                0x00000000080019d2                _getpid
 .text._kill    0x00000000080019e2       0x20 ./Core/Src/syscalls.o
                0x00000000080019e2                _kill
 .text._exit    0x0000000008001a02       0x14 ./Core/Src/syscalls.o
                0x0000000008001a02                _exit
 .text._read    0x0000000008001a16       0x3a ./Core/Src/syscalls.o
                0x0000000008001a16                _read
 .text._write   0x0000000008001a50       0x38 ./Core/Src/syscalls.o
                0x0000000008001a50                _write
 .text._close   0x0000000008001a88       0x18 ./Core/Src/syscalls.o
                0x0000000008001a88                _close
 .text._fstat   0x0000000008001aa0       0x20 ./Core/Src/syscalls.o
                0x0000000008001aa0                _fstat
 .text._isatty  0x0000000008001ac0       0x16 ./Core/Src/syscalls.o
                0x0000000008001ac0                _isatty
 .text._lseek   0x0000000008001ad6       0x1a ./Core/Src/syscalls.o
                0x0000000008001ad6                _lseek
 .text._sbrk    0x0000000008001af0       0x6c ./Core/Src/sysmem.o
                0x0000000008001af0                _sbrk
 .text.SystemInit
                0x0000000008001b5c       0x24 ./Core/Src/system_stm32l4xx.o
                0x0000000008001b5c                SystemInit
 .text.Reset_Handler
                0x0000000008001b80       0x50 ./Core/Startup/startup_stm32l475vgtx.o
                0x0000000008001b80                Reset_Handler
 .text.Default_Handler
                0x0000000008001bd0        0x2 ./Core/Startup/startup_stm32l475vgtx.o
                0x0000000008001bd0                RTC_Alarm_IRQHandler
                0x0000000008001bd0                EXTI2_IRQHandler
                0x0000000008001bd0                TIM8_TRG_COM_IRQHandler
                0x0000000008001bd0                TIM8_CC_IRQHandler
                0x0000000008001bd0                TIM1_CC_IRQHandler
                0x0000000008001bd0                TSC_IRQHandler
                0x0000000008001bd0                TAMP_STAMP_IRQHandler
                0x0000000008001bd0                EXTI3_IRQHandler
                0x0000000008001bd0                LPTIM2_IRQHandler
                0x0000000008001bd0                DFSDM1_FLT1_IRQHandler
                0x0000000008001bd0                I2C3_ER_IRQHandler
                0x0000000008001bd0                DFSDM1_FLT2_IRQHandler
                0x0000000008001bd0                EXTI0_IRQHandler
                0x0000000008001bd0                I2C2_EV_IRQHandler
                0x0000000008001bd0                CAN1_RX0_IRQHandler
                0x0000000008001bd0                FPU_IRQHandler
                0x0000000008001bd0                TIM1_UP_TIM16_IRQHandler
                0x0000000008001bd0                ADC1_2_IRQHandler
                0x0000000008001bd0                SPI1_IRQHandler
                0x0000000008001bd0                TIM6_DAC_IRQHandler
                0x0000000008001bd0                TIM8_UP_IRQHandler
                0x0000000008001bd0                DMA2_Channel2_IRQHandler
                0x0000000008001bd0                DMA1_Channel4_IRQHandler
                0x0000000008001bd0                SAI2_IRQHandler
                0x0000000008001bd0                DFSDM1_FLT3_IRQHandler
                0x0000000008001bd0                USART3_IRQHandler
                0x0000000008001bd0                DMA1_Channel7_IRQHandler
                0x0000000008001bd0                CAN1_RX1_IRQHandler
                0x0000000008001bd0                UART5_IRQHandler
                0x0000000008001bd0                ADC3_IRQHandler
                0x0000000008001bd0                TIM4_IRQHandler
                0x0000000008001bd0                DMA2_Channel1_IRQHandler
                0x0000000008001bd0                QUADSPI_IRQHandler
                0x0000000008001bd0                I2C1_EV_IRQHandler
                0x0000000008001bd0                DMA1_Channel6_IRQHandler
                0x0000000008001bd0                UART4_IRQHandler
                0x0000000008001bd0                DMA2_Channel4_IRQHandler
                0x0000000008001bd0                TIM3_IRQHandler
                0x0000000008001bd0                RCC_IRQHandler
                0x0000000008001bd0                DMA1_Channel1_IRQHandler
                0x0000000008001bd0                Default_Handler
                0x0000000008001bd0                DMA2_Channel7_IRQHandler
                0x0000000008001bd0                TIM7_IRQHandler
                0x0000000008001bd0                SDMMC1_IRQHandler
                0x0000000008001bd0                TIM5_IRQHandler
                0x0000000008001bd0                I2C3_EV_IRQHandler
                0x0000000008001bd0                RTC_WKUP_IRQHandler
                0x0000000008001bd0                PVD_PVM_IRQHandler
                0x0000000008001bd0                SPI2_IRQHandler
                0x0000000008001bd0                CAN1_TX_IRQHandler
                0x0000000008001bd0                DMA2_Channel5_IRQHandler
                0x0000000008001bd0                DMA1_Channel5_IRQHandler
                0x0000000008001bd0                EXTI4_IRQHandler
                0x0000000008001bd0                RNG_IRQHandler
                0x0000000008001bd0                TIM1_TRG_COM_TIM17_IRQHandler
                0x0000000008001bd0                DMA1_Channel3_IRQHandler
                0x0000000008001bd0                COMP_IRQHandler
                0x0000000008001bd0                WWDG_IRQHandler
                0x0000000008001bd0                LPUART1_IRQHandler
                0x0000000008001bd0                DMA2_Channel6_IRQHandler
                0x0000000008001bd0                TIM2_IRQHandler
                0x0000000008001bd0                EXTI1_IRQHandler
                0x0000000008001bd0                USART2_IRQHandler
                0x0000000008001bd0                DFSDM1_FLT0_IRQHandler
                0x0000000008001bd0                I2C2_ER_IRQHandler
                0x0000000008001bd0                DMA1_Channel2_IRQHandler
                0x0000000008001bd0                TIM8_BRK_IRQHandler
                0x0000000008001bd0                CAN1_SCE_IRQHandler
                0x0000000008001bd0                FLASH_IRQHandler
                0x0000000008001bd0                USART1_IRQHandler
                0x0000000008001bd0                OTG_FS_IRQHandler
                0x0000000008001bd0                SPI3_IRQHandler
                0x0000000008001bd0                I2C1_ER_IRQHandler
                0x0000000008001bd0                FMC_IRQHandler
                0x0000000008001bd0                SWPMI1_IRQHandler
                0x0000000008001bd0                LPTIM1_IRQHandler
                0x0000000008001bd0                SAI1_IRQHandler
                0x0000000008001bd0                DMA2_Channel3_IRQHandler
                0x0000000008001bd0                TIM1_BRK_TIM15_IRQHandler
 *fill*         0x0000000008001bd2        0x2 
 .text.I2Cx_MspInit
                0x0000000008001bd4       0xb0 ./Drivers/BSP/B-L475E-IOT01/stm32l475e_iot01.o
 .text.I2Cx_Init
                0x0000000008001c84       0x5c ./Drivers/BSP/B-L475E-IOT01/stm32l475e_iot01.o
 .text.I2Cx_ReadMultiple
                0x0000000008001ce0       0x5a ./Drivers/BSP/B-L475E-IOT01/stm32l475e_iot01.o
 .text.I2Cx_WriteMultiple
                0x0000000008001d3a       0x5a ./Drivers/BSP/B-L475E-IOT01/stm32l475e_iot01.o
 .text.I2Cx_Error
                0x0000000008001d94       0x20 ./Drivers/BSP/B-L475E-IOT01/stm32l475e_iot01.o
 .text.SENSOR_IO_Init
                0x0000000008001db4       0x14 ./Drivers/BSP/B-L475E-IOT01/stm32l475e_iot01.o
                0x0000000008001db4                SENSOR_IO_Init
 .text.SENSOR_IO_Write
                0x0000000008001dc8       0x34 ./Drivers/BSP/B-L475E-IOT01/stm32l475e_iot01.o
                0x0000000008001dc8                SENSOR_IO_Write
 .text.SENSOR_IO_Read
                0x0000000008001dfc       0x3c ./Drivers/BSP/B-L475E-IOT01/stm32l475e_iot01.o
                0x0000000008001dfc                SENSOR_IO_Read
 .text.SENSOR_IO_ReadMultiple
                0x0000000008001e38       0x3c ./Drivers/BSP/B-L475E-IOT01/stm32l475e_iot01.o
                0x0000000008001e38                SENSOR_IO_ReadMultiple
 .text.BSP_HSENSOR_Init
                0x0000000008001e74       0x40 ./Drivers/BSP/B-L475E-IOT01/stm32l475e_iot01_hsensor.o
                0x0000000008001e74                BSP_HSENSOR_Init
 .text.BSP_HSENSOR_ReadHumidity
                0x0000000008001eb4       0x1c ./Drivers/BSP/B-L475E-IOT01/stm32l475e_iot01_hsensor.o
                0x0000000008001eb4                BSP_HSENSOR_ReadHumidity
 .text.BSP_PSENSOR_Init
                0x0000000008001ed0       0x40 ./Drivers/BSP/B-L475E-IOT01/stm32l475e_iot01_psensor.o
                0x0000000008001ed0                BSP_PSENSOR_Init
 .text.BSP_PSENSOR_ReadPressure
                0x0000000008001f10       0x1c ./Drivers/BSP/B-L475E-IOT01/stm32l475e_iot01_psensor.o
                0x0000000008001f10                BSP_PSENSOR_ReadPressure
 .text.BSP_TSENSOR_Init
                0x0000000008001f2c       0x38 ./Drivers/BSP/B-L475E-IOT01/stm32l475e_iot01_tsensor.o
                0x0000000008001f2c                BSP_TSENSOR_Init
 .text.BSP_TSENSOR_ReadTemp
                0x0000000008001f64       0x1c ./Drivers/BSP/B-L475E-IOT01/stm32l475e_iot01_tsensor.o
                0x0000000008001f64                BSP_TSENSOR_ReadTemp
 .text.HTS221_H_Init
                0x0000000008001f80       0x58 ./Drivers/BSP/Components/hts221/hts221.o
                0x0000000008001f80                HTS221_H_Init
 .text.HTS221_H_ReadID
                0x0000000008001fd8       0x2c ./Drivers/BSP/Components/hts221/hts221.o
                0x0000000008001fd8                HTS221_H_ReadID
 .text.HTS221_H_ReadHumidity
                0x0000000008002004      0x138 ./Drivers/BSP/Components/hts221/hts221.o
                0x0000000008002004                HTS221_H_ReadHumidity
 .text.HTS221_T_Init
                0x000000000800213c       0x5a ./Drivers/BSP/Components/hts221/hts221.o
                0x000000000800213c                HTS221_T_Init
 .text.HTS221_T_ReadTemp
                0x0000000008002196      0x10e ./Drivers/BSP/Components/hts221/hts221.o
                0x0000000008002196                HTS221_T_ReadTemp
 .text.LPS22HB_P_Init
                0x00000000080022a4       0x1a ./Drivers/BSP/Components/lps22hb/lps22hb.o
                0x00000000080022a4                LPS22HB_P_Init
 .text.LPS22HB_P_ReadID
                0x00000000080022be       0x2c ./Drivers/BSP/Components/lps22hb/lps22hb.o
                0x00000000080022be                LPS22HB_P_ReadID
 *fill*         0x00000000080022ea        0x2 
 .text.LPS22HB_P_ReadPressure
                0x00000000080022ec       0xbc ./Drivers/BSP/Components/lps22hb/lps22hb.o
                0x00000000080022ec                LPS22HB_P_ReadPressure
 .text.LPS22HB_Init
                0x00000000080023a8       0x7e ./Drivers/BSP/Components/lps22hb/lps22hb.o
 .text.HAL_Init
                0x0000000008002426       0x30 ./Drivers/STM32L4xx_HAL_Driver/Src/stm32l4xx_hal.o
                0x0000000008002426                HAL_Init
 *fill*         0x0000000008002456        0x2 
 .text.HAL_InitTick
                0x0000000008002458       0x78 ./Drivers/STM32L4xx_HAL_Driver/Src/stm32l4xx_hal.o
                0x0000000008002458                HAL_InitTick
 .text.HAL_IncTick
                0x00000000080024d0       0x28 ./Drivers/STM32L4xx_HAL_Driver/Src/stm32l4xx_hal.o
                0x00000000080024d0                HAL_IncTick
 .text.HAL_GetTick
                0x00000000080024f8       0x18 ./Drivers/STM32L4xx_HAL_Driver/Src/stm32l4xx_hal.o
                0x00000000080024f8                HAL_GetTick
 .text.HAL_Delay
                0x0000000008002510       0x48 ./Drivers/STM32L4xx_HAL_Driver/Src/stm32l4xx_hal.o
                0x0000000008002510                HAL_Delay
 .text.__NVIC_SetPriorityGrouping
                0x0000000008002558       0x48 ./Drivers/STM32L4xx_HAL_Driver/Src/stm32l4xx_hal_cortex.o
 .text.__NVIC_GetPriorityGrouping
                0x00000000080025a0       0x1c ./Drivers/STM32L4xx_HAL_Driver/Src/stm32l4xx_hal_cortex.o
 .text.__NVIC_EnableIRQ
                0x00000000080025bc       0x3c ./Drivers/STM32L4xx_HAL_Driver/Src/stm32l4xx_hal_cortex.o
 .text.__NVIC_SetPriority
                0x00000000080025f8       0x54 ./Drivers/STM32L4xx_HAL_Driver/Src/stm32l4xx_hal_cortex.o
 .text.NVIC_EncodePriority
                0x000000000800264c       0x66 ./Drivers/STM32L4xx_HAL_Driver/Src/stm32l4xx_hal_cortex.o
 *fill*         0x00000000080026b2        0x2 
 .text.SysTick_Config
                0x00000000080026b4       0x44 ./Drivers/STM32L4xx_HAL_Driver/Src/stm32l4xx_hal_cortex.o
 .text.HAL_NVIC_SetPriorityGrouping
                0x00000000080026f8       0x16 ./Drivers/STM32L4xx_HAL_Driver/Src/stm32l4xx_hal_cortex.o
                0x00000000080026f8                HAL_NVIC_SetPriorityGrouping
 .text.HAL_NVIC_SetPriority
                0x000000000800270e       0x38 ./Drivers/STM32L4xx_HAL_Driver/Src/stm32l4xx_hal_cortex.o
                0x000000000800270e                HAL_NVIC_SetPriority
 .text.HAL_NVIC_EnableIRQ
                0x0000000008002746       0x1c ./Drivers/STM32L4xx_HAL_Driver/Src/stm32l4xx_hal_cortex.o
                0x0000000008002746                HAL_NVIC_EnableIRQ
 .text.HAL_SYSTICK_Config
                0x0000000008002762       0x18 ./Drivers/STM32L4xx_HAL_Driver/Src/stm32l4xx_hal_cortex.o
                0x0000000008002762                HAL_SYSTICK_Config
 *fill*         0x000000000800277a        0x2 
 .text.HAL_DFSDM_ChannelInit
                0x000000000800277c      0x180 ./Drivers/STM32L4xx_HAL_Driver/Src/stm32l4xx_hal_dfsdm.o
                0x000000000800277c                HAL_DFSDM_ChannelInit
 .text.DFSDM_GetChannelFromInstance
                0x00000000080028fc       0x98 ./Drivers/STM32L4xx_HAL_Driver/Src/stm32l4xx_hal_dfsdm.o
 .text.HAL_GPIO_Init
                0x0000000008002994      0x354 ./Drivers/STM32L4xx_HAL_Driver/Src/stm32l4xx_hal_gpio.o
                0x0000000008002994                HAL_GPIO_Init
 .text.HAL_GPIO_DeInit
                0x0000000008002ce8      0x1e8 ./Drivers/STM32L4xx_HAL_Driver/Src/stm32l4xx_hal_gpio.o
                0x0000000008002ce8                HAL_GPIO_DeInit
 .text.HAL_GPIO_ReadPin
                0x0000000008002ed0       0x30 ./Drivers/STM32L4xx_HAL_Driver/Src/stm32l4xx_hal_gpio.o
                0x0000000008002ed0                HAL_GPIO_ReadPin
 .text.HAL_GPIO_WritePin
                0x0000000008002f00       0x30 ./Drivers/STM32L4xx_HAL_Driver/Src/stm32l4xx_hal_gpio.o
                0x0000000008002f00                HAL_GPIO_WritePin
 .text.HAL_GPIO_EXTI_IRQHandler
                0x0000000008002f30       0x30 ./Drivers/STM32L4xx_HAL_Driver/Src/stm32l4xx_hal_gpio.o
                0x0000000008002f30                HAL_GPIO_EXTI_IRQHandler
 .text.HAL_GPIO_EXTI_Callback
                0x0000000008002f60       0x16 ./Drivers/STM32L4xx_HAL_Driver/Src/stm32l4xx_hal_gpio.o
                0x0000000008002f60                HAL_GPIO_EXTI_Callback
 .text.HAL_I2C_Init
                0x0000000008002f76      0x11e ./Drivers/STM32L4xx_HAL_Driver/Src/stm32l4xx_hal_i2c.o
                0x0000000008002f76                HAL_I2C_Init
 .text.HAL_I2C_DeInit
                0x0000000008003094       0x5e ./Drivers/STM32L4xx_HAL_Driver/Src/stm32l4xx_hal_i2c.o
                0x0000000008003094                HAL_I2C_DeInit
 .text.HAL_I2C_MspInit
                0x00000000080030f2       0x14 ./Drivers/STM32L4xx_HAL_Driver/Src/stm32l4xx_hal_i2c.o
                0x00000000080030f2                HAL_I2C_MspInit
 .text.HAL_I2C_MspDeInit
                0x0000000008003106       0x14 ./Drivers/STM32L4xx_HAL_Driver/Src/stm32l4xx_hal_i2c.o
                0x0000000008003106                HAL_I2C_MspDeInit
 *fill*         0x000000000800311a        0x2 
 .text.HAL_I2C_Mem_Write
                0x000000000800311c      0x228 ./Drivers/STM32L4xx_HAL_Driver/Src/stm32l4xx_hal_i2c.o
                0x000000000800311c                HAL_I2C_Mem_Write
 .text.HAL_I2C_Mem_Read
                0x0000000008003344      0x234 ./Drivers/STM32L4xx_HAL_Driver/Src/stm32l4xx_hal_i2c.o
                0x0000000008003344                HAL_I2C_Mem_Read
 .text.I2C_RequestMemoryWrite
                0x0000000008003578       0xa8 ./Drivers/STM32L4xx_HAL_Driver/Src/stm32l4xx_hal_i2c.o
 .text.I2C_RequestMemoryRead
                0x0000000008003620       0xa8 ./Drivers/STM32L4xx_HAL_Driver/Src/stm32l4xx_hal_i2c.o
 .text.I2C_Flush_TXDR
                0x00000000080036c8       0x48 ./Drivers/STM32L4xx_HAL_Driver/Src/stm32l4xx_hal_i2c.o
 .text.I2C_WaitOnFlagUntilTimeout
                0x0000000008003710       0x80 ./Drivers/STM32L4xx_HAL_Driver/Src/stm32l4xx_hal_i2c.o
 .text.I2C_WaitOnTXISFlagUntilTimeout
                0x0000000008003790       0x80 ./Drivers/STM32L4xx_HAL_Driver/Src/stm32l4xx_hal_i2c.o
 .text.I2C_WaitOnSTOPFlagUntilTimeout
                0x0000000008003810       0x78 ./Drivers/STM32L4xx_HAL_Driver/Src/stm32l4xx_hal_i2c.o
 .text.I2C_IsErrorOccurred
                0x0000000008003888      0x1d8 ./Drivers/STM32L4xx_HAL_Driver/Src/stm32l4xx_hal_i2c.o
 .text.I2C_TransferConfig
                0x0000000008003a60       0x64 ./Drivers/STM32L4xx_HAL_Driver/Src/stm32l4xx_hal_i2c.o
 .text.HAL_I2CEx_ConfigAnalogFilter
                0x0000000008003ac4       0x96 ./Drivers/STM32L4xx_HAL_Driver/Src/stm32l4xx_hal_i2c_ex.o
                0x0000000008003ac4                HAL_I2CEx_ConfigAnalogFilter
 .text.HAL_PCD_Init
                0x0000000008003b5a      0x248 ./Drivers/STM32L4xx_HAL_Driver/Src/stm32l4xx_hal_pcd.o
                0x0000000008003b5a                HAL_PCD_Init
 .text.HAL_PCDEx_ActivateLPM
                0x0000000008003da2       0x48 ./Drivers/STM32L4xx_HAL_Driver/Src/stm32l4xx_hal_pcd_ex.o
                0x0000000008003da2                HAL_PCDEx_ActivateLPM
 *fill*         0x0000000008003dea        0x2 
 .text.HAL_PWR_EnableBkUpAccess
                0x0000000008003dec       0x20 ./Drivers/STM32L4xx_HAL_Driver/Src/stm32l4xx_hal_pwr.o
                0x0000000008003dec                HAL_PWR_EnableBkUpAccess
 .text.HAL_PWREx_GetVoltageRange
                0x0000000008003e0c       0x1c ./Drivers/STM32L4xx_HAL_Driver/Src/stm32l4xx_hal_pwr_ex.o
                0x0000000008003e0c                HAL_PWREx_GetVoltageRange
 .text.HAL_PWREx_ControlVoltageScaling
                0x0000000008003e28       0xac ./Drivers/STM32L4xx_HAL_Driver/Src/stm32l4xx_hal_pwr_ex.o
                0x0000000008003e28                HAL_PWREx_ControlVoltageScaling
 .text.HAL_PWREx_EnableVddUSB
                0x0000000008003ed4       0x20 ./Drivers/STM32L4xx_HAL_Driver/Src/stm32l4xx_hal_pwr_ex.o
                0x0000000008003ed4                HAL_PWREx_EnableVddUSB
 .text.HAL_QSPI_Init
                0x0000000008003ef4       0xec ./Drivers/STM32L4xx_HAL_Driver/Src/stm32l4xx_hal_qspi.o
                0x0000000008003ef4                HAL_QSPI_Init
 .text.HAL_QSPI_SetTimeout
                0x0000000008003fe0       0x1c ./Drivers/STM32L4xx_HAL_Driver/Src/stm32l4xx_hal_qspi.o
                0x0000000008003fe0                HAL_QSPI_SetTimeout
 .text.QSPI_WaitFlagStateUntilTimeout
                0x0000000008003ffc       0x6e ./Drivers/STM32L4xx_HAL_Driver/Src/stm32l4xx_hal_qspi.o
 *fill*         0x000000000800406a        0x2 
 .text.HAL_RCC_OscConfig
                0x000000000800406c      0x7b8 ./Drivers/STM32L4xx_HAL_Driver/Src/stm32l4xx_hal_rcc.o
                0x000000000800406c                HAL_RCC_OscConfig
 .text.HAL_RCC_ClockConfig
                0x0000000008004824      0x200 ./Drivers/STM32L4xx_HAL_Driver/Src/stm32l4xx_hal_rcc.o
                0x0000000008004824                HAL_RCC_ClockConfig
 .text.HAL_RCC_GetSysClockFreq
                0x0000000008004a24      0x118 ./Drivers/STM32L4xx_HAL_Driver/Src/stm32l4xx_hal_rcc.o
                0x0000000008004a24                HAL_RCC_GetSysClockFreq
 .text.HAL_RCC_GetHCLKFreq
                0x0000000008004b3c       0x18 ./Drivers/STM32L4xx_HAL_Driver/Src/stm32l4xx_hal_rcc.o
                0x0000000008004b3c                HAL_RCC_GetHCLKFreq
 .text.HAL_RCC_GetPCLK1Freq
                0x0000000008004b54       0x2c ./Drivers/STM32L4xx_HAL_Driver/Src/stm32l4xx_hal_rcc.o
                0x0000000008004b54                HAL_RCC_GetPCLK1Freq
 .text.HAL_RCC_GetPCLK2Freq
                0x0000000008004b80       0x2c ./Drivers/STM32L4xx_HAL_Driver/Src/stm32l4xx_hal_rcc.o
                0x0000000008004b80                HAL_RCC_GetPCLK2Freq
 .text.RCC_SetFlashLatencyFromMSIRange
                0x0000000008004bac       0xc0 ./Drivers/STM32L4xx_HAL_Driver/Src/stm32l4xx_hal_rcc.o
 .text.HAL_RCCEx_PeriphCLKConfig
                0x0000000008004c6c      0x5d4 ./Drivers/STM32L4xx_HAL_Driver/Src/stm32l4xx_hal_rcc_ex.o
                0x0000000008004c6c                HAL_RCCEx_PeriphCLKConfig
 .text.HAL_RCCEx_EnableMSIPLLMode
                0x0000000008005240       0x20 ./Drivers/STM32L4xx_HAL_Driver/Src/stm32l4xx_hal_rcc_ex.o
                0x0000000008005240                HAL_RCCEx_EnableMSIPLLMode
 .text.RCCEx_PLLSAI1_Config
                0x0000000008005260      0x1e8 ./Drivers/STM32L4xx_HAL_Driver/Src/stm32l4xx_hal_rcc_ex.o
 .text.RCCEx_PLLSAI2_Config
                0x0000000008005448      0x1bc ./Drivers/STM32L4xx_HAL_Driver/Src/stm32l4xx_hal_rcc_ex.o
 .text.HAL_SPI_Init
                0x0000000008005604      0x146 ./Drivers/STM32L4xx_HAL_Driver/Src/stm32l4xx_hal_spi.o
                0x0000000008005604                HAL_SPI_Init
 .text.HAL_SPI_DeInit
                0x000000000800574a       0x50 ./Drivers/STM32L4xx_HAL_Driver/Src/stm32l4xx_hal_spi.o
                0x000000000800574a                HAL_SPI_DeInit
 .text.HAL_SPI_Transmit
                0x000000000800579a      0x2dc ./Drivers/STM32L4xx_HAL_Driver/Src/stm32l4xx_hal_spi.o
                0x000000000800579a                HAL_SPI_Transmit
 .text.HAL_SPI_Receive
                0x0000000008005a76      0x260 ./Drivers/STM32L4xx_HAL_Driver/Src/stm32l4xx_hal_spi.o
                0x0000000008005a76                HAL_SPI_Receive
 .text.HAL_SPI_TransmitReceive
                0x0000000008005cd6      0x426 ./Drivers/STM32L4xx_HAL_Driver/Src/stm32l4xx_hal_spi.o
                0x0000000008005cd6                HAL_SPI_TransmitReceive
 .text.SPI_WaitFlagStateUntilTimeout
                0x00000000080060fc      0x110 ./Drivers/STM32L4xx_HAL_Driver/Src/stm32l4xx_hal_spi.o
 .text.SPI_WaitFifoStateUntilTimeout
                0x000000000800620c      0x12c ./Drivers/STM32L4xx_HAL_Driver/Src/stm32l4xx_hal_spi.o
 .text.SPI_EndRxTransaction
                0x0000000008006338       0xb0 ./Drivers/STM32L4xx_HAL_Driver/Src/stm32l4xx_hal_spi.o
 .text.SPI_EndRxTxTransaction
                0x00000000080063e8       0x8c ./Drivers/STM32L4xx_HAL_Driver/Src/stm32l4xx_hal_spi.o
 .text.HAL_SPIEx_FlushRxFifo
                0x0000000008006474       0x44 ./Drivers/STM32L4xx_HAL_Driver/Src/stm32l4xx_hal_spi_ex.o
                0x0000000008006474                HAL_SPIEx_FlushRxFifo
 .text.HAL_UART_Init
                0x00000000080064b8       0x9c ./Drivers/STM32L4xx_HAL_Driver/Src/stm32l4xx_hal_uart.o
                0x00000000080064b8                HAL_UART_Init
 .text.HAL_UART_Transmit
                0x0000000008006554      0x128 ./Drivers/STM32L4xx_HAL_Driver/Src/stm32l4xx_hal_uart.o
                0x0000000008006554                HAL_UART_Transmit
 .text.UART_SetConfig
                0x000000000800667c      0x570 ./Drivers/STM32L4xx_HAL_Driver/Src/stm32l4xx_hal_uart.o
                0x000000000800667c                UART_SetConfig
 .text.UART_AdvFeatureConfig
                0x0000000008006bec      0x144 ./Drivers/STM32L4xx_HAL_Driver/Src/stm32l4xx_hal_uart.o
                0x0000000008006bec                UART_AdvFeatureConfig
 .text.UART_CheckIdleState
                0x0000000008006d30       0x92 ./Drivers/STM32L4xx_HAL_Driver/Src/stm32l4xx_hal_uart.o
                0x0000000008006d30                UART_CheckIdleState
 .text.UART_WaitOnFlagUntilTimeout
                0x0000000008006dc2      0x188 ./Drivers/STM32L4xx_HAL_Driver/Src/stm32l4xx_hal_uart.o
                0x0000000008006dc2                UART_WaitOnFlagUntilTimeout
 .text.USB_CoreInit
                0x0000000008006f4a       0x58 ./Drivers/STM32L4xx_HAL_Driver/Src/stm32l4xx_ll_usb.o
                0x0000000008006f4a                USB_CoreInit
 .text.USB_DisableGlobalInt
                0x0000000008006fa2       0x22 ./Drivers/STM32L4xx_HAL_Driver/Src/stm32l4xx_ll_usb.o
                0x0000000008006fa2                USB_DisableGlobalInt
 .text.USB_SetCurrentMode
                0x0000000008006fc4       0x98 ./Drivers/STM32L4xx_HAL_Driver/Src/stm32l4xx_ll_usb.o
                0x0000000008006fc4                USB_SetCurrentMode
 .text.USB_DevInit
                0x000000000800705c      0x298 ./Drivers/STM32L4xx_HAL_Driver/Src/stm32l4xx_ll_usb.o
                0x000000000800705c                USB_DevInit
 .text.USB_FlushTxFifo
                0x00000000080072f4       0x68 ./Drivers/STM32L4xx_HAL_Driver/Src/stm32l4xx_ll_usb.o
                0x00000000080072f4                USB_FlushTxFifo
 .text.USB_FlushRxFifo
                0x000000000800735c       0x60 ./Drivers/STM32L4xx_HAL_Driver/Src/stm32l4xx_ll_usb.o
                0x000000000800735c                USB_FlushRxFifo
 .text.USB_SetDevSpeed
                0x00000000080073bc       0x32 ./Drivers/STM32L4xx_HAL_Driver/Src/stm32l4xx_ll_usb.o
                0x00000000080073bc                USB_SetDevSpeed
 .text.USB_DevDisconnect
                0x00000000080073ee       0x42 ./Drivers/STM32L4xx_HAL_Driver/Src/stm32l4xx_ll_usb.o
                0x00000000080073ee                USB_DevDisconnect
 .text.USB_GetMode
                0x0000000008007430       0x1c ./Drivers/STM32L4xx_HAL_Driver/Src/stm32l4xx_ll_usb.o
                0x0000000008007430                USB_GetMode
 .text.USB_CoreReset
                0x000000000800744c       0x68 ./Drivers/STM32L4xx_HAL_Driver/Src/stm32l4xx_ll_usb.o
 .text.ParseNumber
                0x00000000080074b4       0x88 ./Drivers/Wifi/es_wifi.o
 .text.ParseIP  0x000000000800753c       0x56 ./Drivers/Wifi/es_wifi.o
 *fill*         0x0000000008007592        0x2 
 .text.AT_ParseInfo
                0x0000000008007594       0xec ./Drivers/Wifi/es_wifi.o
 .text.AT_ParseConnSettings
                0x0000000008007680      0x160 ./Drivers/Wifi/es_wifi.o
 .text.AT_ExecuteCommand
                0x00000000080077e0       0x90 ./Drivers/Wifi/es_wifi.o
 .text.AT_RequestSendData
                0x0000000008007870       0xc8 ./Drivers/Wifi/es_wifi.o
 .text.ReceiveShortDataLen
                0x0000000008007938       0x7c ./Drivers/Wifi/es_wifi.o
 .text.ReceiveLongDataLen
                0x00000000080079b4       0xc0 ./Drivers/Wifi/es_wifi.o
 .text.AT_RequestReceiveData
                0x0000000008007a74       0x82 ./Drivers/Wifi/es_wifi.o
 *fill*         0x0000000008007af6        0x2 
 .text.ES_WIFI_Init
                0x0000000008007af8       0x5c ./Drivers/Wifi/es_wifi.o
                0x0000000008007af8                ES_WIFI_Init
 .text.ES_WIFI_RegisterBusIO
                0x0000000008007b54       0x5e ./Drivers/Wifi/es_wifi.o
                0x0000000008007b54                ES_WIFI_RegisterBusIO
 *fill*         0x0000000008007bb2        0x2 
 .text.ES_WIFI_Connect
                0x0000000008007bb4       0xf0 ./Drivers/Wifi/es_wifi.o
                0x0000000008007bb4                ES_WIFI_Connect
 .text.ES_WIFI_GetNetworkSettings
                0x0000000008007ca4       0x54 ./Drivers/Wifi/es_wifi.o
                0x0000000008007ca4                ES_WIFI_GetNetworkSettings
 .text.ES_WIFI_StartClientConnection
                0x0000000008007cf8      0x16c ./Drivers/Wifi/es_wifi.o
                0x0000000008007cf8                ES_WIFI_StartClientConnection
 .text.ES_WIFI_StopClientConnection
                0x0000000008007e64       0x74 ./Drivers/Wifi/es_wifi.o
                0x0000000008007e64                ES_WIFI_StopClientConnection
 .text.ES_WIFI_SendData
                0x0000000008007ed8       0xfc ./Drivers/Wifi/es_wifi.o
                0x0000000008007ed8                ES_WIFI_SendData
 .text.ES_WIFI_ReceiveData
                0x0000000008007fd4       0xf4 ./Drivers/Wifi/es_wifi.o
                0x0000000008007fd4                ES_WIFI_ReceiveData
 .text.SPI_WIFI_MspInit
                0x00000000080080c8      0x178 ./Drivers/Wifi/es_wifi_io.o
                0x00000000080080c8                SPI_WIFI_MspInit
 .text.SPI_WIFI_Init
                0x0000000008008240      0x164 ./Drivers/Wifi/es_wifi_io.o
                0x0000000008008240                SPI_WIFI_Init
 .text.SPI_WIFI_DeInit
                0x00000000080083a4       0x14 ./Drivers/Wifi/es_wifi_io.o
                0x00000000080083a4                SPI_WIFI_DeInit
 .text.SPI_WIFI_ReceiveData
                0x00000000080083b8      0x12c ./Drivers/Wifi/es_wifi_io.o
                0x00000000080083b8                SPI_WIFI_ReceiveData
 .text.SPI_WIFI_SendData
                0x00000000080084e4       0xe4 ./Drivers/Wifi/es_wifi_io.o
                0x00000000080084e4                SPI_WIFI_SendData
 .text.SPI_WIFI_Delay
                0x00000000080085c8       0x16 ./Drivers/Wifi/es_wifi_io.o
                0x00000000080085c8                SPI_WIFI_Delay
 *fill*         0x00000000080085de        0x2 
 .text.WIFI_Init
                0x00000000080085e0       0x58 ./Drivers/Wifi/wifi.o
                0x00000000080085e0                WIFI_Init
 .text.WIFI_Connect
                0x0000000008008638       0x44 ./Drivers/Wifi/wifi.o
                0x0000000008008638                WIFI_Connect
 .text.WIFI_GetIP_Address
                0x000000000800867c       0x38 ./Drivers/Wifi/wifi.o
                0x000000000800867c                WIFI_GetIP_Address
 .text.WIFI_OpenClientConnection
                0x00000000080086b4       0x74 ./Drivers/Wifi/wifi.o
                0x00000000080086b4                WIFI_OpenClientConnection
 .text.WIFI_CloseClientConnection
                0x0000000008008728       0x38 ./Drivers/Wifi/wifi.o
                0x0000000008008728                WIFI_CloseClientConnection
 .text.WIFI_SendData
                0x0000000008008760       0x44 ./Drivers/Wifi/wifi.o
                0x0000000008008760                WIFI_SendData
 .text.WIFI_ReceiveData
                0x00000000080087a4       0x44 ./Drivers/Wifi/wifi.o
                0x00000000080087a4                WIFI_ReceiveData
 .text.__errno  0x00000000080087e8        0xc c:/st/stm32cubeide_1.11.2/stm32cubeide/plugins/com.st.stm32cube.ide.mcu.externaltools.gnu-tools-for-stm32.10.3-2021.10.win32_1.0.100.202210260954/tools/bin/../lib/gcc/arm-none-eabi/10.3.1/../../../../arm-none-eabi/lib/thumb/v7e-m+fp/hard\libc_nano.a(lib_a-errno.o)
                0x00000000080087e8                __errno
 .text.__libc_init_array
                0x00000000080087f4       0x48 c:/st/stm32cubeide_1.11.2/stm32cubeide/plugins/com.st.stm32cube.ide.mcu.externaltools.gnu-tools-for-stm32.10.3-2021.10.win32_1.0.100.202210260954/tools/bin/../lib/gcc/arm-none-eabi/10.3.1/../../../../arm-none-eabi/lib/thumb/v7e-m+fp/hard\libc_nano.a(lib_a-init.o)
                0x00000000080087f4                __libc_init_array
 .text.memcpy   0x000000000800883c       0x1c c:/st/stm32cubeide_1.11.2/stm32cubeide/plugins/com.st.stm32cube.ide.mcu.externaltools.gnu-tools-for-stm32.10.3-2021.10.win32_1.0.100.202210260954/tools/bin/../lib/gcc/arm-none-eabi/10.3.1/../../../../arm-none-eabi/lib/thumb/v7e-m+fp/hard\libc_nano.a(lib_a-memcpy-stub.o)
                0x000000000800883c                memcpy
 .text.memset   0x0000000008008858       0x10 c:/st/stm32cubeide_1.11.2/stm32cubeide/plugins/com.st.stm32cube.ide.mcu.externaltools.gnu-tools-for-stm32.10.3-2021.10.win32_1.0.100.202210260954/tools/bin/../lib/gcc/arm-none-eabi/10.3.1/../../../../arm-none-eabi/lib/thumb/v7e-m+fp/hard\libc_nano.a(lib_a-memset.o)
                0x0000000008008858                memset
 .text.snprintf
                0x0000000008008868       0x68 c:/st/stm32cubeide_1.11.2/stm32cubeide/plugins/com.st.stm32cube.ide.mcu.externaltools.gnu-tools-for-stm32.10.3-2021.10.win32_1.0.100.202210260954/tools/bin/../lib/gcc/arm-none-eabi/10.3.1/../../../../arm-none-eabi/lib/thumb/v7e-m+fp/hard\libc_nano.a(lib_a-snprintf.o)
                0x0000000008008868                sniprintf
                0x0000000008008868                snprintf
 .text.sprintf  0x00000000080088d0       0x40 c:/st/stm32cubeide_1.11.2/stm32cubeide/plugins/com.st.stm32cube.ide.mcu.externaltools.gnu-tools-for-stm32.10.3-2021.10.win32_1.0.100.202210260954/tools/bin/../lib/gcc/arm-none-eabi/10.3.1/../../../../arm-none-eabi/lib/thumb/v7e-m+fp/hard\libc_nano.a(lib_a-sprintf.o)
                0x00000000080088d0                siprintf
                0x00000000080088d0                sprintf
 .text.strncpy  0x0000000008008910       0x26 c:/st/stm32cubeide_1.11.2/stm32cubeide/plugins/com.st.stm32cube.ide.mcu.externaltools.gnu-tools-for-stm32.10.3-2021.10.win32_1.0.100.202210260954/tools/bin/../lib/gcc/arm-none-eabi/10.3.1/../../../../arm-none-eabi/lib/thumb/v7e-m+fp/hard\libc_nano.a(lib_a-strncpy.o)
                0x0000000008008910                strncpy
 .text.strstr   0x0000000008008936       0x2c c:/st/stm32cubeide_1.11.2/stm32cubeide/plugins/com.st.stm32cube.ide.mcu.externaltools.gnu-tools-for-stm32.10.3-2021.10.win32_1.0.100.202210260954/tools/bin/../lib/gcc/arm-none-eabi/10.3.1/../../../../arm-none-eabi/lib/thumb/v7e-m+fp/hard\libc_nano.a(lib_a-strstr.o)
                0x0000000008008936                strstr
 *fill*         0x0000000008008962        0x2 
 .text.strtok   0x0000000008008964       0x68 c:/st/stm32cubeide_1.11.2/stm32cubeide/plugins/com.st.stm32cube.ide.mcu.externaltools.gnu-tools-for-stm32.10.3-2021.10.win32_1.0.100.202210260954/tools/bin/../lib/gcc/arm-none-eabi/10.3.1/../../../../arm-none-eabi/lib/thumb/v7e-m+fp/hard\libc_nano.a(lib_a-strtok.o)
                0x0000000008008964                strtok
 .text.__strtok_r
                0x00000000080089cc       0x50 c:/st/stm32cubeide_1.11.2/stm32cubeide/plugins/com.st.stm32cube.ide.mcu.externaltools.gnu-tools-for-stm32.10.3-2021.10.win32_1.0.100.202210260954/tools/bin/../lib/gcc/arm-none-eabi/10.3.1/../../../../arm-none-eabi/lib/thumb/v7e-m+fp/hard\libc_nano.a(lib_a-strtok_r.o)
                0x00000000080089cc                __strtok_r
 .text.__assert_func
                0x0000000008008a1c       0x3c c:/st/stm32cubeide_1.11.2/stm32cubeide/plugins/com.st.stm32cube.ide.mcu.externaltools.gnu-tools-for-stm32.10.3-2021.10.win32_1.0.100.202210260954/tools/bin/../lib/gcc/arm-none-eabi/10.3.1/../../../../arm-none-eabi/lib/thumb/v7e-m+fp/hard\libc_nano.a(lib_a-assert.o)
                0x0000000008008a1c                __assert_func
 .text.fprintf  0x0000000008008a58       0x24 c:/st/stm32cubeide_1.11.2/stm32cubeide/plugins/com.st.stm32cube.ide.mcu.externaltools.gnu-tools-for-stm32.10.3-2021.10.win32_1.0.100.202210260954/tools/bin/../lib/gcc/arm-none-eabi/10.3.1/../../../../arm-none-eabi/lib/thumb/v7e-m+fp/hard\libc_nano.a(lib_a-fprintf.o)
                0x0000000008008a58                fiprintf
                0x0000000008008a58                fprintf
 .text.malloc   0x0000000008008a7c       0x10 c:/st/stm32cubeide_1.11.2/stm32cubeide/plugins/com.st.stm32cube.ide.mcu.externaltools.gnu-tools-for-stm32.10.3-2021.10.win32_1.0.100.202210260954/tools/bin/../lib/gcc/arm-none-eabi/10.3.1/../../../../arm-none-eabi/lib/thumb/v7e-m+fp/hard\libc_nano.a(lib_a-malloc.o)
                0x0000000008008a7c                malloc
 .text._free_r  0x0000000008008a8c       0x98 c:/st/stm32cubeide_1.11.2/stm32cubeide/plugins/com.st.stm32cube.ide.mcu.externaltools.gnu-tools-for-stm32.10.3-2021.10.win32_1.0.100.202210260954/tools/bin/../lib/gcc/arm-none-eabi/10.3.1/../../../../arm-none-eabi/lib/thumb/v7e-m+fp/hard\libc_nano.a(lib_a-nano-freer.o)
                0x0000000008008a8c                _free_r
 .text.sbrk_aligned
                0x0000000008008b24       0x40 c:/st/stm32cubeide_1.11.2/stm32cubeide/plugins/com.st.stm32cube.ide.mcu.externaltools.gnu-tools-for-stm32.10.3-2021.10.win32_1.0.100.202210260954/tools/bin/../lib/gcc/arm-none-eabi/10.3.1/../../../../arm-none-eabi/lib/thumb/v7e-m+fp/hard\libc_nano.a(lib_a-nano-mallocr.o)
 .text._malloc_r
                0x0000000008008b64       0xe8 c:/st/stm32cubeide_1.11.2/stm32cubeide/plugins/com.st.stm32cube.ide.mcu.externaltools.gnu-tools-for-stm32.10.3-2021.10.win32_1.0.100.202210260954/tools/bin/../lib/gcc/arm-none-eabi/10.3.1/../../../../arm-none-eabi/lib/thumb/v7e-m+fp/hard\libc_nano.a(lib_a-nano-mallocr.o)
                0x0000000008008b64                _malloc_r
 .text.__ssputs_r
                0x0000000008008c4c       0xb6 c:/st/stm32cubeide_1.11.2/stm32cubeide/plugins/com.st.stm32cube.ide.mcu.externaltools.gnu-tools-for-stm32.10.3-2021.10.win32_1.0.100.202210260954/tools/bin/../lib/gcc/arm-none-eabi/10.3.1/../../../../arm-none-eabi/lib/thumb/v7e-m+fp/hard\libc_nano.a(lib_a-nano-svfprintf.o)
                0x0000000008008c4c                __ssputs_r
 *fill*         0x0000000008008d02        0x2 
 .text._svfprintf_r
                0x0000000008008d04      0x200 c:/st/stm32cubeide_1.11.2/stm32cubeide/plugins/com.st.stm32cube.ide.mcu.externaltools.gnu-tools-for-stm32.10.3-2021.10.win32_1.0.100.202210260954/tools/bin/../lib/gcc/arm-none-eabi/10.3.1/../../../../arm-none-eabi/lib/thumb/v7e-m+fp/hard\libc_nano.a(lib_a-nano-svfprintf.o)
                0x0000000008008d04                _svfiprintf_r
                0x0000000008008d04                _svfprintf_r
 .text.__sfputc_r
                0x0000000008008f04       0x2e c:/st/stm32cubeide_1.11.2/stm32cubeide/plugins/com.st.stm32cube.ide.mcu.externaltools.gnu-tools-for-stm32.10.3-2021.10.win32_1.0.100.202210260954/tools/bin/../lib/gcc/arm-none-eabi/10.3.1/../../../../arm-none-eabi/lib/thumb/v7e-m+fp/hard\libc_nano.a(lib_a-nano-vfprintf.o)
 .text.__sfputs_r
                0x0000000008008f32       0x24 c:/st/stm32cubeide_1.11.2/stm32cubeide/plugins/com.st.stm32cube.ide.mcu.externaltools.gnu-tools-for-stm32.10.3-2021.10.win32_1.0.100.202210260954/tools/bin/../lib/gcc/arm-none-eabi/10.3.1/../../../../arm-none-eabi/lib/thumb/v7e-m+fp/hard\libc_nano.a(lib_a-nano-vfprintf.o)
                0x0000000008008f32                __sfputs_r
 *fill*         0x0000000008008f56        0x2 
 .text._vfprintf_r
                0x0000000008008f58      0x260 c:/st/stm32cubeide_1.11.2/stm32cubeide/plugins/com.st.stm32cube.ide.mcu.externaltools.gnu-tools-for-stm32.10.3-2021.10.win32_1.0.100.202210260954/tools/bin/../lib/gcc/arm-none-eabi/10.3.1/../../../../arm-none-eabi/lib/thumb/v7e-m+fp/hard\libc_nano.a(lib_a-nano-vfprintf.o)
                0x0000000008008f58                _vfprintf_r
                0x0000000008008f58                _vfiprintf_r
 .text._printf_common
                0x00000000080091b8       0xda c:/st/stm32cubeide_1.11.2/stm32cubeide/plugins/com.st.stm32cube.ide.mcu.externaltools.gnu-tools-for-stm32.10.3-2021.10.win32_1.0.100.202210260954/tools/bin/../lib/gcc/arm-none-eabi/10.3.1/../../../../arm-none-eabi/lib/thumb/v7e-m+fp/hard\libc_nano.a(lib_a-nano-vfprintf_i.o)
                0x00000000080091b8                _printf_common
 *fill*         0x0000000008009292        0x2 
 .text._printf_i
                0x0000000008009294      0x24c c:/st/stm32cubeide_1.11.2/stm32cubeide/plugins/com.st.stm32cube.ide.mcu.externaltools.gnu-tools-for-stm32.10.3-2021.10.win32_1.0.100.202210260954/tools/bin/../lib/gcc/arm-none-eabi/10.3.1/../../../../arm-none-eabi/lib/thumb/v7e-m+fp/hard\libc_nano.a(lib_a-nano-vfprintf_i.o)
                0x0000000008009294                _printf_i
 .text._sbrk_r  0x00000000080094e0       0x20 c:/st/stm32cubeide_1.11.2/stm32cubeide/plugins/com.st.stm32cube.ide.mcu.externaltools.gnu-tools-for-stm32.10.3-2021.10.win32_1.0.100.202210260954/tools/bin/../lib/gcc/arm-none-eabi/10.3.1/../../../../arm-none-eabi/lib/thumb/v7e-m+fp/hard\libc_nano.a(lib_a-sbrkr.o)
                0x00000000080094e0                _sbrk_r
 .text.__swbuf_r
                0x0000000008009500       0xa4 c:/st/stm32cubeide_1.11.2/stm32cubeide/plugins/com.st.stm32cube.ide.mcu.externaltools.gnu-tools-for-stm32.10.3-2021.10.win32_1.0.100.202210260954/tools/bin/../lib/gcc/arm-none-eabi/10.3.1/../../../../arm-none-eabi/lib/thumb/v7e-m+fp/hard\libc_nano.a(lib_a-wbuf.o)
                0x0000000008009500                __swbuf_r
 .text.__swsetup_r
                0x00000000080095a4       0xdc c:/st/stm32cubeide_1.11.2/stm32cubeide/plugins/com.st.stm32cube.ide.mcu.externaltools.gnu-tools-for-stm32.10.3-2021.10.win32_1.0.100.202210260954/tools/bin/../lib/gcc/arm-none-eabi/10.3.1/../../../../arm-none-eabi/lib/thumb/v7e-m+fp/hard\libc_nano.a(lib_a-wsetup.o)
                0x00000000080095a4                __swsetup_r
 .text.abort    0x0000000008009680        0xe c:/st/stm32cubeide_1.11.2/stm32cubeide/plugins/com.st.stm32cube.ide.mcu.externaltools.gnu-tools-for-stm32.10.3-2021.10.win32_1.0.100.202210260954/tools/bin/../lib/gcc/arm-none-eabi/10.3.1/../../../../arm-none-eabi/lib/thumb/v7e-m+fp/hard\libc_nano.a(lib_a-abort.o)
                0x0000000008009680                abort
 *fill*         0x000000000800968e        0x2 
 .text.__sflush_r
                0x0000000008009690      0x10c c:/st/stm32cubeide_1.11.2/stm32cubeide/plugins/com.st.stm32cube.ide.mcu.externaltools.gnu-tools-for-stm32.10.3-2021.10.win32_1.0.100.202210260954/tools/bin/../lib/gcc/arm-none-eabi/10.3.1/../../../../arm-none-eabi/lib/thumb/v7e-m+fp/hard\libc_nano.a(lib_a-fflush.o)
                0x0000000008009690                __sflush_r
 .text._fflush_r
                0x000000000800979c       0x78 c:/st/stm32cubeide_1.11.2/stm32cubeide/plugins/com.st.stm32cube.ide.mcu.externaltools.gnu-tools-for-stm32.10.3-2021.10.win32_1.0.100.202210260954/tools/bin/../lib/gcc/arm-none-eabi/10.3.1/../../../../arm-none-eabi/lib/thumb/v7e-m+fp/hard\libc_nano.a(lib_a-fflush.o)
                0x000000000800979c                _fflush_r
 .text.std      0x0000000008009814       0x48 c:/st/stm32cubeide_1.11.2/stm32cubeide/plugins/com.st.stm32cube.ide.mcu.externaltools.gnu-tools-for-stm32.10.3-2021.10.win32_1.0.100.202210260954/tools/bin/../lib/gcc/arm-none-eabi/10.3.1/../../../../arm-none-eabi/lib/thumb/v7e-m+fp/hard\libc_nano.a(lib_a-findfp.o)
 .text._cleanup_r
                0x000000000800985c        0xc c:/st/stm32cubeide_1.11.2/stm32cubeide/plugins/com.st.stm32cube.ide.mcu.externaltools.gnu-tools-for-stm32.10.3-2021.10.win32_1.0.100.202210260954/tools/bin/../lib/gcc/arm-none-eabi/10.3.1/../../../../arm-none-eabi/lib/thumb/v7e-m+fp/hard\libc_nano.a(lib_a-findfp.o)
                0x000000000800985c                _cleanup_r
 .text.__sfmoreglue
                0x0000000008009868       0x2c c:/st/stm32cubeide_1.11.2/stm32cubeide/plugins/com.st.stm32cube.ide.mcu.externaltools.gnu-tools-for-stm32.10.3-2021.10.win32_1.0.100.202210260954/tools/bin/../lib/gcc/arm-none-eabi/10.3.1/../../../../arm-none-eabi/lib/thumb/v7e-m+fp/hard\libc_nano.a(lib_a-findfp.o)
                0x0000000008009868                __sfmoreglue
 .text.__sfp_lock_acquire
                0x0000000008009894        0xc c:/st/stm32cubeide_1.11.2/stm32cubeide/plugins/com.st.stm32cube.ide.mcu.externaltools.gnu-tools-for-stm32.10.3-2021.10.win32_1.0.100.202210260954/tools/bin/../lib/gcc/arm-none-eabi/10.3.1/../../../../arm-none-eabi/lib/thumb/v7e-m+fp/hard\libc_nano.a(lib_a-findfp.o)
                0x0000000008009894                __sfp_lock_acquire
 .text.__sfp_lock_release
                0x00000000080098a0        0xc c:/st/stm32cubeide_1.11.2/stm32cubeide/plugins/com.st.stm32cube.ide.mcu.externaltools.gnu-tools-for-stm32.10.3-2021.10.win32_1.0.100.202210260954/tools/bin/../lib/gcc/arm-none-eabi/10.3.1/../../../../arm-none-eabi/lib/thumb/v7e-m+fp/hard\libc_nano.a(lib_a-findfp.o)
                0x00000000080098a0                __sfp_lock_release
 .text.__sinit_lock_acquire
                0x00000000080098ac        0xc c:/st/stm32cubeide_1.11.2/stm32cubeide/plugins/com.st.stm32cube.ide.mcu.externaltools.gnu-tools-for-stm32.10.3-2021.10.win32_1.0.100.202210260954/tools/bin/../lib/gcc/arm-none-eabi/10.3.1/../../../../arm-none-eabi/lib/thumb/v7e-m+fp/hard\libc_nano.a(lib_a-findfp.o)
                0x00000000080098ac                __sinit_lock_acquire
 .text.__sinit_lock_release
                0x00000000080098b8        0xc c:/st/stm32cubeide_1.11.2/stm32cubeide/plugins/com.st.stm32cube.ide.mcu.externaltools.gnu-tools-for-stm32.10.3-2021.10.win32_1.0.100.202210260954/tools/bin/../lib/gcc/arm-none-eabi/10.3.1/../../../../arm-none-eabi/lib/thumb/v7e-m+fp/hard\libc_nano.a(lib_a-findfp.o)
                0x00000000080098b8                __sinit_lock_release
 .text.__sinit  0x00000000080098c4       0x70 c:/st/stm32cubeide_1.11.2/stm32cubeide/plugins/com.st.stm32cube.ide.mcu.externaltools.gnu-tools-for-stm32.10.3-2021.10.win32_1.0.100.202210260954/tools/bin/../lib/gcc/arm-none-eabi/10.3.1/../../../../arm-none-eabi/lib/thumb/v7e-m+fp/hard\libc_nano.a(lib_a-findfp.o)
                0x00000000080098c4                __sinit
 .text.__sfp    0x0000000008009934       0x8c c:/st/stm32cubeide_1.11.2/stm32cubeide/plugins/com.st.stm32cube.ide.mcu.externaltools.gnu-tools-for-stm32.10.3-2021.10.win32_1.0.100.202210260954/tools/bin/../lib/gcc/arm-none-eabi/10.3.1/../../../../arm-none-eabi/lib/thumb/v7e-m+fp/hard\libc_nano.a(lib_a-findfp.o)
                0x0000000008009934                __sfp
 .text._fwalk_reent
                0x00000000080099c0       0x3e c:/st/stm32cubeide_1.11.2/stm32cubeide/plugins/com.st.stm32cube.ide.mcu.externaltools.gnu-tools-for-stm32.10.3-2021.10.win32_1.0.100.202210260954/tools/bin/../lib/gcc/arm-none-eabi/10.3.1/../../../../arm-none-eabi/lib/thumb/v7e-m+fp/hard\libc_nano.a(lib_a-fwalk.o)
                0x00000000080099c0                _fwalk_reent
 .text.__retarget_lock_init_recursive
                0x00000000080099fe        0x2 c:/st/stm32cubeide_1.11.2/stm32cubeide/plugins/com.st.stm32cube.ide.mcu.externaltools.gnu-tools-for-stm32.10.3-2021.10.win32_1.0.100.202210260954/tools/bin/../lib/gcc/arm-none-eabi/10.3.1/../../../../arm-none-eabi/lib/thumb/v7e-m+fp/hard\libc_nano.a(lib_a-lock.o)
                0x00000000080099fe                __retarget_lock_init_recursive
 .text.__retarget_lock_acquire_recursive
                0x0000000008009a00        0x2 c:/st/stm32cubeide_1.11.2/stm32cubeide/plugins/com.st.stm32cube.ide.mcu.externaltools.gnu-tools-for-stm32.10.3-2021.10.win32_1.0.100.202210260954/tools/bin/../lib/gcc/arm-none-eabi/10.3.1/../../../../arm-none-eabi/lib/thumb/v7e-m+fp/hard\libc_nano.a(lib_a-lock.o)
                0x0000000008009a00                __retarget_lock_acquire_recursive
 .text.__retarget_lock_release_recursive
                0x0000000008009a02        0x2 c:/st/stm32cubeide_1.11.2/stm32cubeide/plugins/com.st.stm32cube.ide.mcu.externaltools.gnu-tools-for-stm32.10.3-2021.10.win32_1.0.100.202210260954/tools/bin/../lib/gcc/arm-none-eabi/10.3.1/../../../../arm-none-eabi/lib/thumb/v7e-m+fp/hard\libc_nano.a(lib_a-lock.o)
                0x0000000008009a02                __retarget_lock_release_recursive
 .text.__swhatbuf_r
                0x0000000008009a04       0x4a c:/st/stm32cubeide_1.11.2/stm32cubeide/plugins/com.st.stm32cube.ide.mcu.externaltools.gnu-tools-for-stm32.10.3-2021.10.win32_1.0.100.202210260954/tools/bin/../lib/gcc/arm-none-eabi/10.3.1/../../../../arm-none-eabi/lib/thumb/v7e-m+fp/hard\libc_nano.a(lib_a-makebuf.o)
                0x0000000008009a04                __swhatbuf_r
 *fill*         0x0000000008009a4e        0x2 
 .text.__smakebuf_r
                0x0000000008009a50       0x80 c:/st/stm32cubeide_1.11.2/stm32cubeide/plugins/com.st.stm32cube.ide.mcu.externaltools.gnu-tools-for-stm32.10.3-2021.10.win32_1.0.100.202210260954/tools/bin/../lib/gcc/arm-none-eabi/10.3.1/../../../../arm-none-eabi/lib/thumb/v7e-m+fp/hard\libc_nano.a(lib_a-makebuf.o)
                0x0000000008009a50                __smakebuf_r
 .text.memmove  0x0000000008009ad0       0x34 c:/st/stm32cubeide_1.11.2/stm32cubeide/plugins/com.st.stm32cube.ide.mcu.externaltools.gnu-tools-for-stm32.10.3-2021.10.win32_1.0.100.202210260954/tools/bin/../lib/gcc/arm-none-eabi/10.3.1/../../../../arm-none-eabi/lib/thumb/v7e-m+fp/hard\libc_nano.a(lib_a-memmove.o)
                0x0000000008009ad0                memmove
 .text.__malloc_lock
                0x0000000008009b04        0xc c:/st/stm32cubeide_1.11.2/stm32cubeide/plugins/com.st.stm32cube.ide.mcu.externaltools.gnu-tools-for-stm32.10.3-2021.10.win32_1.0.100.202210260954/tools/bin/../lib/gcc/arm-none-eabi/10.3.1/../../../../arm-none-eabi/lib/thumb/v7e-m+fp/hard\libc_nano.a(lib_a-mlock.o)
                0x0000000008009b04                __malloc_lock
 .text.__malloc_unlock
                0x0000000008009b10        0xc c:/st/stm32cubeide_1.11.2/stm32cubeide/plugins/com.st.stm32cube.ide.mcu.externaltools.gnu-tools-for-stm32.10.3-2021.10.win32_1.0.100.202210260954/tools/bin/../lib/gcc/arm-none-eabi/10.3.1/../../../../arm-none-eabi/lib/thumb/v7e-m+fp/hard\libc_nano.a(lib_a-mlock.o)
                0x0000000008009b10                __malloc_unlock
 .text._realloc_r
                0x0000000008009b1c       0x5e c:/st/stm32cubeide_1.11.2/stm32cubeide/plugins/com.st.stm32cube.ide.mcu.externaltools.gnu-tools-for-stm32.10.3-2021.10.win32_1.0.100.202210260954/tools/bin/../lib/gcc/arm-none-eabi/10.3.1/../../../../arm-none-eabi/lib/thumb/v7e-m+fp/hard\libc_nano.a(lib_a-nano-reallocr.o)
                0x0000000008009b1c                _realloc_r
 .text._raise_r
                0x0000000008009b7a       0x50 c:/st/stm32cubeide_1.11.2/stm32cubeide/plugins/com.st.stm32cube.ide.mcu.externaltools.gnu-tools-for-stm32.10.3-2021.10.win32_1.0.100.202210260954/tools/bin/../lib/gcc/arm-none-eabi/10.3.1/../../../../arm-none-eabi/lib/thumb/v7e-m+fp/hard\libc_nano.a(lib_a-signal.o)
                0x0000000008009b7a                _raise_r
 *fill*         0x0000000008009bca        0x2 
 .text.raise    0x0000000008009bcc       0x10 c:/st/stm32cubeide_1.11.2/stm32cubeide/plugins/com.st.stm32cube.ide.mcu.externaltools.gnu-tools-for-stm32.10.3-2021.10.win32_1.0.100.202210260954/tools/bin/../lib/gcc/arm-none-eabi/10.3.1/../../../../arm-none-eabi/lib/thumb/v7e-m+fp/hard\libc_nano.a(lib_a-signal.o)
                0x0000000008009bcc                raise
 .text._kill_r  0x0000000008009bdc       0x24 c:/st/stm32cubeide_1.11.2/stm32cubeide/plugins/com.st.stm32cube.ide.mcu.externaltools.gnu-tools-for-stm32.10.3-2021.10.win32_1.0.100.202210260954/tools/bin/../lib/gcc/arm-none-eabi/10.3.1/../../../../arm-none-eabi/lib/thumb/v7e-m+fp/hard\libc_nano.a(lib_a-signalr.o)
                0x0000000008009bdc                _kill_r
 .text._getpid_r
                0x0000000008009c00        0x4 c:/st/stm32cubeide_1.11.2/stm32cubeide/plugins/com.st.stm32cube.ide.mcu.externaltools.gnu-tools-for-stm32.10.3-2021.10.win32_1.0.100.202210260954/tools/bin/../lib/gcc/arm-none-eabi/10.3.1/../../../../arm-none-eabi/lib/thumb/v7e-m+fp/hard\libc_nano.a(lib_a-signalr.o)
                0x0000000008009c00                _getpid_r
 .text.__sread  0x0000000008009c04       0x22 c:/st/stm32cubeide_1.11.2/stm32cubeide/plugins/com.st.stm32cube.ide.mcu.externaltools.gnu-tools-for-stm32.10.3-2021.10.win32_1.0.100.202210260954/tools/bin/../lib/gcc/arm-none-eabi/10.3.1/../../../../arm-none-eabi/lib/thumb/v7e-m+fp/hard\libc_nano.a(lib_a-stdio.o)
                0x0000000008009c04                __sread
 .text.__swrite
                0x0000000008009c26       0x38 c:/st/stm32cubeide_1.11.2/stm32cubeide/plugins/com.st.stm32cube.ide.mcu.externaltools.gnu-tools-for-stm32.10.3-2021.10.win32_1.0.100.202210260954/tools/bin/../lib/gcc/arm-none-eabi/10.3.1/../../../../arm-none-eabi/lib/thumb/v7e-m+fp/hard\libc_nano.a(lib_a-stdio.o)
                0x0000000008009c26                __swrite
 .text.__sseek  0x0000000008009c5e       0x24 c:/st/stm32cubeide_1.11.2/stm32cubeide/plugins/com.st.stm32cube.ide.mcu.externaltools.gnu-tools-for-stm32.10.3-2021.10.win32_1.0.100.202210260954/tools/bin/../lib/gcc/arm-none-eabi/10.3.1/../../../../arm-none-eabi/lib/thumb/v7e-m+fp/hard\libc_nano.a(lib_a-stdio.o)
                0x0000000008009c5e                __sseek
 .text.__sclose
                0x0000000008009c82        0x8 c:/st/stm32cubeide_1.11.2/stm32cubeide/plugins/com.st.stm32cube.ide.mcu.externaltools.gnu-tools-for-stm32.10.3-2021.10.win32_1.0.100.202210260954/tools/bin/../lib/gcc/arm-none-eabi/10.3.1/../../../../arm-none-eabi/lib/thumb/v7e-m+fp/hard\libc_nano.a(lib_a-stdio.o)
                0x0000000008009c82                __sclose
 *fill*         0x0000000008009c8a        0x2 
 .text._write_r
                0x0000000008009c8c       0x24 c:/st/stm32cubeide_1.11.2/stm32cubeide/plugins/com.st.stm32cube.ide.mcu.externaltools.gnu-tools-for-stm32.10.3-2021.10.win32_1.0.100.202210260954/tools/bin/../lib/gcc/arm-none-eabi/10.3.1/../../../../arm-none-eabi/lib/thumb/v7e-m+fp/hard\libc_nano.a(lib_a-writer.o)
                0x0000000008009c8c                _write_r
 .text._close_r
                0x0000000008009cb0       0x20 c:/st/stm32cubeide_1.11.2/stm32cubeide/plugins/com.st.stm32cube.ide.mcu.externaltools.gnu-tools-for-stm32.10.3-2021.10.win32_1.0.100.202210260954/tools/bin/../lib/gcc/arm-none-eabi/10.3.1/../../../../arm-none-eabi/lib/thumb/v7e-m+fp/hard\libc_nano.a(lib_a-closer.o)
                0x0000000008009cb0                _close_r
 .text._fstat_r
                0x0000000008009cd0       0x24 c:/st/stm32cubeide_1.11.2/stm32cubeide/plugins/com.st.stm32cube.ide.mcu.externaltools.gnu-tools-for-stm32.10.3-2021.10.win32_1.0.100.202210260954/tools/bin/../lib/gcc/arm-none-eabi/10.3.1/../../../../arm-none-eabi/lib/thumb/v7e-m+fp/hard\libc_nano.a(lib_a-fstatr.o)
                0x0000000008009cd0                _fstat_r
 .text._isatty_r
                0x0000000008009cf4       0x20 c:/st/stm32cubeide_1.11.2/stm32cubeide/plugins/com.st.stm32cube.ide.mcu.externaltools.gnu-tools-for-stm32.10.3-2021.10.win32_1.0.100.202210260954/tools/bin/../lib/gcc/arm-none-eabi/10.3.1/../../../../arm-none-eabi/lib/thumb/v7e-m+fp/hard\libc_nano.a(lib_a-isattyr.o)
                0x0000000008009cf4                _isatty_r
 .text._lseek_r
                0x0000000008009d14       0x24 c:/st/stm32cubeide_1.11.2/stm32cubeide/plugins/com.st.stm32cube.ide.mcu.externaltools.gnu-tools-for-stm32.10.3-2021.10.win32_1.0.100.202210260954/tools/bin/../lib/gcc/arm-none-eabi/10.3.1/../../../../arm-none-eabi/lib/thumb/v7e-m+fp/hard\libc_nano.a(lib_a-lseekr.o)
                0x0000000008009d14                _lseek_r
 .text._malloc_usable_size_r
                0x0000000008009d38       0x10 c:/st/stm32cubeide_1.11.2/stm32cubeide/plugins/com.st.stm32cube.ide.mcu.externaltools.gnu-tools-for-stm32.10.3-2021.10.win32_1.0.100.202210260954/tools/bin/../lib/gcc/arm-none-eabi/10.3.1/../../../../arm-none-eabi/lib/thumb/v7e-m+fp/hard\libc_nano.a(lib_a-nano-msizer.o)
                0x0000000008009d38                _malloc_usable_size_r
 .text._read_r  0x0000000008009d48       0x24 c:/st/stm32cubeide_1.11.2/stm32cubeide/plugins/com.st.stm32cube.ide.mcu.externaltools.gnu-tools-for-stm32.10.3-2021.10.win32_1.0.100.202210260954/tools/bin/../lib/gcc/arm-none-eabi/10.3.1/../../../../arm-none-eabi/lib/thumb/v7e-m+fp/hard\libc_nano.a(lib_a-readr.o)
                0x0000000008009d48                _read_r
 .text.trunc    0x0000000008009d6c       0x64 c:/st/stm32cubeide_1.11.2/stm32cubeide/plugins/com.st.stm32cube.ide.mcu.externaltools.gnu-tools-for-stm32.10.3-2021.10.win32_1.0.100.202210260954/tools/bin/../lib/gcc/arm-none-eabi/10.3.1/../../../../arm-none-eabi/lib/thumb/v7e-m+fp/hard\libm.a(lib_a-s_trunc.o)
                0x0000000008009d6c                trunc
 *(.glue_7)
 .glue_7        0x0000000008009dd0        0x0 linker stubs
 *(.glue_7t)
 .glue_7t       0x0000000008009dd0        0x0 linker stubs
 *(.eh_frame)
 .eh_frame      0x0000000008009dd0        0x0 c:/st/stm32cubeide_1.11.2/stm32cubeide/plugins/com.st.stm32cube.ide.mcu.externaltools.gnu-tools-for-stm32.10.3-2021.10.win32_1.0.100.202210260954/tools/bin/../lib/gcc/arm-none-eabi/10.3.1/thumb/v7e-m+fp/hard/crtbegin.o
 *(.init)
 .init          0x0000000008009dd0        0x4 c:/st/stm32cubeide_1.11.2/stm32cubeide/plugins/com.st.stm32cube.ide.mcu.externaltools.gnu-tools-for-stm32.10.3-2021.10.win32_1.0.100.202210260954/tools/bin/../lib/gcc/arm-none-eabi/10.3.1/thumb/v7e-m+fp/hard/crti.o
                0x0000000008009dd0                _init
 .init          0x0000000008009dd4        0x8 c:/st/stm32cubeide_1.11.2/stm32cubeide/plugins/com.st.stm32cube.ide.mcu.externaltools.gnu-tools-for-stm32.10.3-2021.10.win32_1.0.100.202210260954/tools/bin/../lib/gcc/arm-none-eabi/10.3.1/thumb/v7e-m+fp/hard/crtn.o
 *(.fini)
 .fini          0x0000000008009ddc        0x4 c:/st/stm32cubeide_1.11.2/stm32cubeide/plugins/com.st.stm32cube.ide.mcu.externaltools.gnu-tools-for-stm32.10.3-2021.10.win32_1.0.100.202210260954/tools/bin/../lib/gcc/arm-none-eabi/10.3.1/thumb/v7e-m+fp/hard/crti.o
                0x0000000008009ddc                _fini
 .fini          0x0000000008009de0        0x8 c:/st/stm32cubeide_1.11.2/stm32cubeide/plugins/com.st.stm32cube.ide.mcu.externaltools.gnu-tools-for-stm32.10.3-2021.10.win32_1.0.100.202210260954/tools/bin/../lib/gcc/arm-none-eabi/10.3.1/thumb/v7e-m+fp/hard/crtn.o
                0x0000000008009de8                . = ALIGN (0x4)
                0x0000000008009de8                _etext = .

.vfp11_veneer   0x0000000008009de8        0x0
 .vfp11_veneer  0x0000000008009de8        0x0 linker stubs

.v4_bx          0x0000000008009de8        0x0
 .v4_bx         0x0000000008009de8        0x0 linker stubs

.iplt           0x0000000008009de8        0x0
 .iplt          0x0000000008009de8        0x0 c:/st/stm32cubeide_1.11.2/stm32cubeide/plugins/com.st.stm32cube.ide.mcu.externaltools.gnu-tools-for-stm32.10.3-2021.10.win32_1.0.100.202210260954/tools/bin/../lib/gcc/arm-none-eabi/10.3.1/thumb/v7e-m+fp/hard/crtbegin.o

.rodata         0x0000000008009de8      0x5c8
                0x0000000008009de8                . = ALIGN (0x4)
 *(.rodata)
 .rodata        0x0000000008009de8      0x225 ./Core/Src/main.o
 *fill*         0x000000000800a00d        0x3 
 .rodata        0x000000000800a010      0x20d ./Drivers/Wifi/es_wifi.o
 *(.rodata*)
 *fill*         0x000000000800a21d        0x3 
 .rodata.AHBPrescTable
                0x000000000800a220       0x10 ./Core/Src/system_stm32l4xx.o
                0x000000000800a220                AHBPrescTable
 .rodata.APBPrescTable
                0x000000000800a230        0x8 ./Core/Src/system_stm32l4xx.o
                0x000000000800a230                APBPrescTable
 .rodata.MSIRangeTable
                0x000000000800a238       0x30 ./Core/Src/system_stm32l4xx.o
                0x000000000800a238                MSIRangeTable
 .rodata._global_impure_ptr
                0x000000000800a268        0x4 c:/st/stm32cubeide_1.11.2/stm32cubeide/plugins/com.st.stm32cube.ide.mcu.externaltools.gnu-tools-for-stm32.10.3-2021.10.win32_1.0.100.202210260954/tools/bin/../lib/gcc/arm-none-eabi/10.3.1/../../../../arm-none-eabi/lib/thumb/v7e-m+fp/hard\libc_nano.a(lib_a-impure.o)
                0x000000000800a268                _global_impure_ptr
 .rodata.strtok.str1.1
                0x000000000800a26c       0x74 c:/st/stm32cubeide_1.11.2/stm32cubeide/plugins/com.st.stm32cube.ide.mcu.externaltools.gnu-tools-for-stm32.10.3-2021.10.win32_1.0.100.202210260954/tools/bin/../lib/gcc/arm-none-eabi/10.3.1/../../../../arm-none-eabi/lib/thumb/v7e-m+fp/hard\libc_nano.a(lib_a-strtok.o)
 .rodata.__assert_func.str1.1
                0x000000000800a2e0       0x3c c:/st/stm32cubeide_1.11.2/stm32cubeide/plugins/com.st.stm32cube.ide.mcu.externaltools.gnu-tools-for-stm32.10.3-2021.10.win32_1.0.100.202210260954/tools/bin/../lib/gcc/arm-none-eabi/10.3.1/../../../../arm-none-eabi/lib/thumb/v7e-m+fp/hard\libc_nano.a(lib_a-assert.o)
                                         0x3d (size before relaxing)
 .rodata._svfprintf_r.str1.1
                0x000000000800a31c       0x11 c:/st/stm32cubeide_1.11.2/stm32cubeide/plugins/com.st.stm32cube.ide.mcu.externaltools.gnu-tools-for-stm32.10.3-2021.10.win32_1.0.100.202210260954/tools/bin/../lib/gcc/arm-none-eabi/10.3.1/../../../../arm-none-eabi/lib/thumb/v7e-m+fp/hard\libc_nano.a(lib_a-nano-svfprintf.o)
 .rodata._vfprintf_r.str1.1
                0x000000000800a32d       0x11 c:/st/stm32cubeide_1.11.2/stm32cubeide/plugins/com.st.stm32cube.ide.mcu.externaltools.gnu-tools-for-stm32.10.3-2021.10.win32_1.0.100.202210260954/tools/bin/../lib/gcc/arm-none-eabi/10.3.1/../../../../arm-none-eabi/lib/thumb/v7e-m+fp/hard\libc_nano.a(lib_a-nano-vfprintf.o)
 .rodata._printf_i.str1.1
                0x000000000800a32d       0x22 c:/st/stm32cubeide_1.11.2/stm32cubeide/plugins/com.st.stm32cube.ide.mcu.externaltools.gnu-tools-for-stm32.10.3-2021.10.win32_1.0.100.202210260954/tools/bin/../lib/gcc/arm-none-eabi/10.3.1/../../../../arm-none-eabi/lib/thumb/v7e-m+fp/hard\libc_nano.a(lib_a-nano-vfprintf_i.o)
 *fill*         0x000000000800a34f        0x1 
 .rodata.__sf_fake_stderr
                0x000000000800a350       0x20 c:/st/stm32cubeide_1.11.2/stm32cubeide/plugins/com.st.stm32cube.ide.mcu.externaltools.gnu-tools-for-stm32.10.3-2021.10.win32_1.0.100.202210260954/tools/bin/../lib/gcc/arm-none-eabi/10.3.1/../../../../arm-none-eabi/lib/thumb/v7e-m+fp/hard\libc_nano.a(lib_a-findfp.o)
                0x000000000800a350                __sf_fake_stderr
 .rodata.__sf_fake_stdin
                0x000000000800a370       0x20 c:/st/stm32cubeide_1.11.2/stm32cubeide/plugins/com.st.stm32cube.ide.mcu.externaltools.gnu-tools-for-stm32.10.3-2021.10.win32_1.0.100.202210260954/tools/bin/../lib/gcc/arm-none-eabi/10.3.1/../../../../arm-none-eabi/lib/thumb/v7e-m+fp/hard\libc_nano.a(lib_a-findfp.o)
                0x000000000800a370                __sf_fake_stdin
 .rodata.__sf_fake_stdout
                0x000000000800a390       0x20 c:/st/stm32cubeide_1.11.2/stm32cubeide/plugins/com.st.stm32cube.ide.mcu.externaltools.gnu-tools-for-stm32.10.3-2021.10.win32_1.0.100.202210260954/tools/bin/../lib/gcc/arm-none-eabi/10.3.1/../../../../arm-none-eabi/lib/thumb/v7e-m+fp/hard\libc_nano.a(lib_a-findfp.o)
                0x000000000800a390                __sf_fake_stdout
                0x000000000800a3b0                . = ALIGN (0x4)

.ARM.extab      0x000000000800a3b0        0x0
                0x000000000800a3b0                . = ALIGN (0x4)
 *(.ARM.extab* .gnu.linkonce.armextab.*)
                0x000000000800a3b0                . = ALIGN (0x4)

.ARM            0x000000000800a3b0        0x8
                0x000000000800a3b0                . = ALIGN (0x4)
                0x000000000800a3b0                __exidx_start = .
 *(.ARM.exidx*)
 .ARM.exidx     0x000000000800a3b0        0x8 c:/st/stm32cubeide_1.11.2/stm32cubeide/plugins/com.st.stm32cube.ide.mcu.externaltools.gnu-tools-for-stm32.10.3-2021.10.win32_1.0.100.202210260954/tools/bin/../lib/gcc/arm-none-eabi/10.3.1/thumb/v7e-m+fp/hard\libgcc.a(_udivmoddi4.o)
                0x000000000800a3b8                __exidx_end = .
                0x000000000800a3b8                . = ALIGN (0x4)

.rel.dyn        0x000000000800a3b8        0x0
 .rel.iplt      0x000000000800a3b8        0x0 c:/st/stm32cubeide_1.11.2/stm32cubeide/plugins/com.st.stm32cube.ide.mcu.externaltools.gnu-tools-for-stm32.10.3-2021.10.win32_1.0.100.202210260954/tools/bin/../lib/gcc/arm-none-eabi/10.3.1/thumb/v7e-m+fp/hard/crtbegin.o

.preinit_array  0x000000000800a3b8        0x0
                0x000000000800a3b8                . = ALIGN (0x4)
                0x000000000800a3b8                PROVIDE (__preinit_array_start = .)
 *(.preinit_array*)
                0x000000000800a3b8                PROVIDE (__preinit_array_end = .)
                0x000000000800a3b8                . = ALIGN (0x4)

.init_array     0x000000000800a3b8        0x4
                0x000000000800a3b8                . = ALIGN (0x4)
                0x000000000800a3b8                PROVIDE (__init_array_start = .)
 *(SORT_BY_NAME(.init_array.*))
 *(.init_array*)
 .init_array    0x000000000800a3b8        0x4 c:/st/stm32cubeide_1.11.2/stm32cubeide/plugins/com.st.stm32cube.ide.mcu.externaltools.gnu-tools-for-stm32.10.3-2021.10.win32_1.0.100.202210260954/tools/bin/../lib/gcc/arm-none-eabi/10.3.1/thumb/v7e-m+fp/hard/crtbegin.o
                0x000000000800a3bc                PROVIDE (__init_array_end = .)
                0x000000000800a3bc                . = ALIGN (0x4)

.fini_array     0x000000000800a3bc        0x4
                0x000000000800a3bc                . = ALIGN (0x4)
                [!provide]                        PROVIDE (__fini_array_start = .)
 *(SORT_BY_NAME(.fini_array.*))
 *(.fini_array*)
 .fini_array    0x000000000800a3bc        0x4 c:/st/stm32cubeide_1.11.2/stm32cubeide/plugins/com.st.stm32cube.ide.mcu.externaltools.gnu-tools-for-stm32.10.3-2021.10.win32_1.0.100.202210260954/tools/bin/../lib/gcc/arm-none-eabi/10.3.1/thumb/v7e-m+fp/hard/crtbegin.o
                [!provide]                        PROVIDE (__fini_array_end = .)
                0x000000000800a3c0                . = ALIGN (0x4)
                0x000000000800a3c0                _sidata = LOADADDR (.data)

.data           0x0000000020000000      0x100 load address 0x000000000800a3c0
                0x0000000020000000                . = ALIGN (0x4)
                0x0000000020000000                _sdata = .
 *(.data)
 *(.data*)
 .data.msg1     0x0000000020000000       0x27 ./Core/Src/main.o
                0x0000000020000000                msg1
 *fill*         0x0000000020000027        0x1 
 .data.msg2     0x0000000020000028       0x3d ./Core/Src/main.o
                0x0000000020000028                msg2
 *fill*         0x0000000020000065        0x3 
 .data.SystemCoreClock
                0x0000000020000068        0x4 ./Core/Src/system_stm32l4xx.o
                0x0000000020000068                SystemCoreClock
 .data.HTS221_H_Drv
                0x000000002000006c        0xc ./Drivers/BSP/Components/hts221/hts221.o
                0x000000002000006c                HTS221_H_Drv
 .data.HTS221_T_Drv
                0x0000000020000078       0x10 ./Drivers/BSP/Components/hts221/hts221.o
                0x0000000020000078                HTS221_T_Drv
 .data.LPS22HB_P_Drv
                0x0000000020000088        0xc ./Drivers/BSP/Components/lps22hb/lps22hb.o
                0x0000000020000088                LPS22HB_P_Drv
 .data.uwTickPrio
                0x0000000020000094        0x4 ./Drivers/STM32L4xx_HAL_Driver/Src/stm32l4xx_hal.o
                0x0000000020000094                uwTickPrio
 .data.uwTickFreq
                0x0000000020000098        0x1 ./Drivers/STM32L4xx_HAL_Driver/Src/stm32l4xx_hal.o
                0x0000000020000098                uwTickFreq
 *fill*         0x0000000020000099        0x3 
 .data._impure_ptr
                0x000000002000009c        0x4 c:/st/stm32cubeide_1.11.2/stm32cubeide/plugins/com.st.stm32cube.ide.mcu.externaltools.gnu-tools-for-stm32.10.3-2021.10.win32_1.0.100.202210260954/tools/bin/../lib/gcc/arm-none-eabi/10.3.1/../../../../arm-none-eabi/lib/thumb/v7e-m+fp/hard\libc_nano.a(lib_a-impure.o)
                0x000000002000009c                _impure_ptr
 .data.impure_data
                0x00000000200000a0       0x60 c:/st/stm32cubeide_1.11.2/stm32cubeide/plugins/com.st.stm32cube.ide.mcu.externaltools.gnu-tools-for-stm32.10.3-2021.10.win32_1.0.100.202210260954/tools/bin/../lib/gcc/arm-none-eabi/10.3.1/../../../../arm-none-eabi/lib/thumb/v7e-m+fp/hard\libc_nano.a(lib_a-impure.o)
 *(.RamFunc)
 *(.RamFunc*)
                0x0000000020000100                . = ALIGN (0x4)
                0x0000000020000100                _edata = .

.igot.plt       0x0000000020000100        0x0 load address 0x000000000800a4c0
 .igot.plt      0x0000000020000100        0x0 c:/st/stm32cubeide_1.11.2/stm32cubeide/plugins/com.st.stm32cube.ide.mcu.externaltools.gnu-tools-for-stm32.10.3-2021.10.win32_1.0.100.202210260954/tools/bin/../lib/gcc/arm-none-eabi/10.3.1/thumb/v7e-m+fp/hard/crtbegin.o
                0x0000000020000100                . = ALIGN (0x4)

.bss            0x0000000020000100     0x1074 load address 0x000000000800a4c0
                0x0000000020000100                _sbss = .
                0x0000000020000100                __bss_start__ = _sbss
 *(.bss)
 .bss           0x0000000020000100       0x1c c:/st/stm32cubeide_1.11.2/stm32cubeide/plugins/com.st.stm32cube.ide.mcu.externaltools.gnu-tools-for-stm32.10.3-2021.10.win32_1.0.100.202210260954/tools/bin/../lib/gcc/arm-none-eabi/10.3.1/thumb/v7e-m+fp/hard/crtbegin.o
 *(.bss*)
 .bss.hdfsdm1_channel1
                0x000000002000011c       0x38 ./Core/Src/main.o
                0x000000002000011c                hdfsdm1_channel1
 .bss.hqspi     0x0000000020000154       0x44 ./Core/Src/main.o
                0x0000000020000154                hqspi
 .bss.hspi1     0x0000000020000198       0x64 ./Core/Src/main.o
                0x0000000020000198                hspi1
 .bss.huart4    0x00000000200001fc       0x84 ./Core/Src/main.o
                0x00000000200001fc                huart4
 .bss.huart1    0x0000000020000280       0x84 ./Core/Src/main.o
                0x0000000020000280                huart1
 .bss.huart3    0x0000000020000304       0x84 ./Core/Src/main.o
                0x0000000020000304                huart3
 .bss.hpcd_USB_OTG_FS
                0x0000000020000388      0x50c ./Core/Src/main.o
                0x0000000020000388                hpcd_USB_OTG_FS
 .bss.IP_Addr   0x0000000020000894        0x4 ./Core/Src/main.o
                0x0000000020000894                IP_Addr
 .bss.temp_value
                0x0000000020000898        0x4 ./Core/Src/main.o
                0x0000000020000898                temp_value
 .bss.h_value   0x000000002000089c        0x4 ./Core/Src/main.o
                0x000000002000089c                h_value
 .bss.p_value   0x00000000200008a0        0x4 ./Core/Src/main.o
                0x00000000200008a0                p_value
 .bss.str_ip    0x00000000200008a4       0x64 ./Core/Src/main.o
                0x00000000200008a4                str_ip
 .bss.DFSDM1_Init
                0x0000000020000908        0x4 ./Core/Src/stm32l4xx_hal_msp.o
 .bss.__sbrk_heap_end
                0x000000002000090c        0x4 ./Core/Src/sysmem.o
 .bss.hI2cHandler
                0x0000000020000910       0x54 ./Drivers/BSP/B-L475E-IOT01/stm32l475e_iot01.o
                0x0000000020000910                hI2cHandler
 .bss.Hsensor_drv
                0x0000000020000964        0x4 ./Drivers/BSP/B-L475E-IOT01/stm32l475e_iot01_hsensor.o
 .bss.Psensor_drv
                0x0000000020000968        0x4 ./Drivers/BSP/B-L475E-IOT01/stm32l475e_iot01_psensor.o
 .bss.tsensor_drv
                0x000000002000096c        0x4 ./Drivers/BSP/B-L475E-IOT01/stm32l475e_iot01_tsensor.o
 .bss.uwTick    0x0000000020000970        0x4 ./Drivers/STM32L4xx_HAL_Driver/Src/stm32l4xx_hal.o
                0x0000000020000970                uwTick
 .bss.v_dfsdm1ChannelCounter
                0x0000000020000974        0x4 ./Drivers/STM32L4xx_HAL_Driver/Src/stm32l4xx_hal_dfsdm.o
 .bss.a_dfsdm1ChannelHandle
                0x0000000020000978       0x20 ./Drivers/STM32L4xx_HAL_Driver/Src/stm32l4xx_hal_dfsdm.o
 .bss.hspi      0x0000000020000998       0x64 ./Drivers/Wifi/es_wifi_io.o
                0x0000000020000998                hspi
 .bss.EsWifiObj
                0x00000000200009fc      0x768 ./Drivers/Wifi/wifi.o
                0x00000000200009fc                EsWifiObj
 .bss.__malloc_free_list
                0x0000000020001164        0x4 c:/st/stm32cubeide_1.11.2/stm32cubeide/plugins/com.st.stm32cube.ide.mcu.externaltools.gnu-tools-for-stm32.10.3-2021.10.win32_1.0.100.202210260954/tools/bin/../lib/gcc/arm-none-eabi/10.3.1/../../../../arm-none-eabi/lib/thumb/v7e-m+fp/hard\libc_nano.a(lib_a-nano-mallocr.o)
                0x0000000020001164                __malloc_free_list
 .bss.__malloc_sbrk_start
                0x0000000020001168        0x4 c:/st/stm32cubeide_1.11.2/stm32cubeide/plugins/com.st.stm32cube.ide.mcu.externaltools.gnu-tools-for-stm32.10.3-2021.10.win32_1.0.100.202210260954/tools/bin/../lib/gcc/arm-none-eabi/10.3.1/../../../../arm-none-eabi/lib/thumb/v7e-m+fp/hard\libc_nano.a(lib_a-nano-mallocr.o)
                0x0000000020001168                __malloc_sbrk_start
 .bss.__lock___malloc_recursive_mutex
                0x000000002000116c        0x1 c:/st/stm32cubeide_1.11.2/stm32cubeide/plugins/com.st.stm32cube.ide.mcu.externaltools.gnu-tools-for-stm32.10.3-2021.10.win32_1.0.100.202210260954/tools/bin/../lib/gcc/arm-none-eabi/10.3.1/../../../../arm-none-eabi/lib/thumb/v7e-m+fp/hard\libc_nano.a(lib_a-lock.o)
                0x000000002000116c                __lock___malloc_recursive_mutex
 .bss.__lock___sfp_recursive_mutex
                0x000000002000116d        0x1 c:/st/stm32cubeide_1.11.2/stm32cubeide/plugins/com.st.stm32cube.ide.mcu.externaltools.gnu-tools-for-stm32.10.3-2021.10.win32_1.0.100.202210260954/tools/bin/../lib/gcc/arm-none-eabi/10.3.1/../../../../arm-none-eabi/lib/thumb/v7e-m+fp/hard\libc_nano.a(lib_a-lock.o)
                0x000000002000116d                __lock___sfp_recursive_mutex
 .bss.__lock___sinit_recursive_mutex
                0x000000002000116e        0x1 c:/st/stm32cubeide_1.11.2/stm32cubeide/plugins/com.st.stm32cube.ide.mcu.externaltools.gnu-tools-for-stm32.10.3-2021.10.win32_1.0.100.202210260954/tools/bin/../lib/gcc/arm-none-eabi/10.3.1/../../../../arm-none-eabi/lib/thumb/v7e-m+fp/hard\libc_nano.a(lib_a-lock.o)
                0x000000002000116e                __lock___sinit_recursive_mutex
 *fill*         0x000000002000116f        0x1 
 .bss.errno     0x0000000020001170        0x4 c:/st/stm32cubeide_1.11.2/stm32cubeide/plugins/com.st.stm32cube.ide.mcu.externaltools.gnu-tools-for-stm32.10.3-2021.10.win32_1.0.100.202210260954/tools/bin/../lib/gcc/arm-none-eabi/10.3.1/../../../../arm-none-eabi/lib/thumb/v7e-m+fp/hard\libc_nano.a(lib_a-reent.o)
                0x0000000020001170                errno
 *(COMMON)
                0x0000000020001174                . = ALIGN (0x4)
                0x0000000020001174                _ebss = .
                0x0000000020001174                __bss_end__ = _ebss

._user_heap_stack
                0x0000000020001174      0x604 load address 0x000000000800a4c0
                0x0000000020001178                . = ALIGN (0x8)
 *fill*         0x0000000020001174        0x4 
                [!provide]                        PROVIDE (end = .)
                0x0000000020001178                PROVIDE (_end = .)
                0x0000000020001378                . = (. + _Min_Heap_Size)
 *fill*         0x0000000020001178      0x200 
                0x0000000020001778                . = (. + _Min_Stack_Size)
 *fill*         0x0000000020001378      0x400 
                0x0000000020001778                . = ALIGN (0x8)

/DISCARD/
 libc.a(*)
 libm.a(*)
 libgcc.a(*)

.ARM.attributes
                0x0000000000000000       0x30
 *(.ARM.attributes)
 .ARM.attributes
                0x0000000000000000       0x1e c:/st/stm32cubeide_1.11.2/stm32cubeide/plugins/com.st.stm32cube.ide.mcu.externaltools.gnu-tools-for-stm32.10.3-2021.10.win32_1.0.100.202210260954/tools/bin/../lib/gcc/arm-none-eabi/10.3.1/thumb/v7e-m+fp/hard/crti.o
 .ARM.attributes
                0x000000000000001e       0x34 c:/st/stm32cubeide_1.11.2/stm32cubeide/plugins/com.st.stm32cube.ide.mcu.externaltools.gnu-tools-for-stm32.10.3-2021.10.win32_1.0.100.202210260954/tools/bin/../lib/gcc/arm-none-eabi/10.3.1/thumb/v7e-m+fp/hard/crtbegin.o
 .ARM.attributes
                0x0000000000000052       0x34 ./Core/Src/main.o
 .ARM.attributes
                0x0000000000000086       0x34 ./Core/Src/stm32l4xx_hal_msp.o
 .ARM.attributes
                0x00000000000000ba       0x34 ./Core/Src/stm32l4xx_it.o
 .ARM.attributes
                0x00000000000000ee       0x34 ./Core/Src/syscalls.o
 .ARM.attributes
                0x0000000000000122       0x34 ./Core/Src/sysmem.o
 .ARM.attributes
                0x0000000000000156       0x34 ./Core/Src/system_stm32l4xx.o
 .ARM.attributes
                0x000000000000018a       0x21 ./Core/Startup/startup_stm32l475vgtx.o
 .ARM.attributes
                0x00000000000001ab       0x34 ./Drivers/BSP/B-L475E-IOT01/stm32l475e_iot01.o
 .ARM.attributes
                0x00000000000001df       0x34 ./Drivers/BSP/B-L475E-IOT01/stm32l475e_iot01_hsensor.o
 .ARM.attributes
                0x0000000000000213       0x34 ./Drivers/BSP/B-L475E-IOT01/stm32l475e_iot01_psensor.o
 .ARM.attributes
                0x0000000000000247       0x34 ./Drivers/BSP/B-L475E-IOT01/stm32l475e_iot01_tsensor.o
 .ARM.attributes
                0x000000000000027b       0x34 ./Drivers/BSP/Components/hts221/hts221.o
 .ARM.attributes
                0x00000000000002af       0x34 ./Drivers/BSP/Components/lps22hb/lps22hb.o
 .ARM.attributes
                0x00000000000002e3       0x34 ./Drivers/STM32L4xx_HAL_Driver/Src/stm32l4xx_hal.o
 .ARM.attributes
                0x0000000000000317       0x34 ./Drivers/STM32L4xx_HAL_Driver/Src/stm32l4xx_hal_cortex.o
 .ARM.attributes
                0x000000000000034b       0x34 ./Drivers/STM32L4xx_HAL_Driver/Src/stm32l4xx_hal_dfsdm.o
 .ARM.attributes
                0x000000000000037f       0x34 ./Drivers/STM32L4xx_HAL_Driver/Src/stm32l4xx_hal_gpio.o
 .ARM.attributes
                0x00000000000003b3       0x34 ./Drivers/STM32L4xx_HAL_Driver/Src/stm32l4xx_hal_i2c.o
 .ARM.attributes
                0x00000000000003e7       0x34 ./Drivers/STM32L4xx_HAL_Driver/Src/stm32l4xx_hal_i2c_ex.o
 .ARM.attributes
                0x000000000000041b       0x34 ./Drivers/STM32L4xx_HAL_Driver/Src/stm32l4xx_hal_pcd.o
 .ARM.attributes
                0x000000000000044f       0x34 ./Drivers/STM32L4xx_HAL_Driver/Src/stm32l4xx_hal_pcd_ex.o
 .ARM.attributes
                0x0000000000000483       0x34 ./Drivers/STM32L4xx_HAL_Driver/Src/stm32l4xx_hal_pwr.o
 .ARM.attributes
                0x00000000000004b7       0x34 ./Drivers/STM32L4xx_HAL_Driver/Src/stm32l4xx_hal_pwr_ex.o
 .ARM.attributes
                0x00000000000004eb       0x34 ./Drivers/STM32L4xx_HAL_Driver/Src/stm32l4xx_hal_qspi.o
 .ARM.attributes
                0x000000000000051f       0x34 ./Drivers/STM32L4xx_HAL_Driver/Src/stm32l4xx_hal_rcc.o
 .ARM.attributes
                0x0000000000000553       0x34 ./Drivers/STM32L4xx_HAL_Driver/Src/stm32l4xx_hal_rcc_ex.o
 .ARM.attributes
                0x0000000000000587       0x34 ./Drivers/STM32L4xx_HAL_Driver/Src/stm32l4xx_hal_spi.o
 .ARM.attributes
                0x00000000000005bb       0x34 ./Drivers/STM32L4xx_HAL_Driver/Src/stm32l4xx_hal_spi_ex.o
 .ARM.attributes
                0x00000000000005ef       0x34 ./Drivers/STM32L4xx_HAL_Driver/Src/stm32l4xx_hal_uart.o
 .ARM.attributes
                0x0000000000000623       0x34 ./Drivers/STM32L4xx_HAL_Driver/Src/stm32l4xx_ll_usb.o
 .ARM.attributes
                0x0000000000000657       0x34 ./Drivers/Wifi/es_wifi.o
 .ARM.attributes
                0x000000000000068b       0x34 ./Drivers/Wifi/es_wifi_io.o
 .ARM.attributes
                0x00000000000006bf       0x34 ./Drivers/Wifi/wifi.o
 .ARM.attributes