../Core/Src/main.c:84:6:transmit_string	16	static
../Core/Src/main.c:101:5:main	1024	static
../Core/Src/main.c:261:6:SystemClock_Config	96	static
../Core/Src/main.c:321:13:MX_DFSDM1_Init	8	static
../Core/Src/main.c:358:13:MX_QUADSPI_Init	8	static
../Core/Src/main.c:390:13:MX_SPI1_Init	8	static
../Core/Src/main.c:429:13:MX_UART4_Init	8	static
../Core/Src/main.c:463:13:MX_USART1_UART_Init	8	static
../Core/Src/main.c:497:13:MX_USART3_UART_Init	8	static
../Core/Src/main.c:531:13:MX_USB_OTG_FS_PCD_Init	8	static
../Core/Src/main.c:565:13:MX_GPIO_Init	48	static
../Core/Src/main.c:750:6:Error_Handler	4	static,ignoring_inline_asm
